../Core/Src/main.c:117:5:main	24	static
../Core/Src/main.c:183:6:SystemClock_Config	88	static
../Core/Src/main.c:230:13:MX_I2C1_Init	8	static
../Core/Src/main.c:278:13:MX_USART2_UART_Init	8	static
../Core/Src/main.c:326:13:MX_GPIO_Init	56	static
../Core/Src/main.c:366:6:MPU6050_Init	32	static
../Core/Src/main.c:387:6:MPU6050_Read_Accel	40	static
../Core/Src/main.c:407:6:MPU6050_Read_Gyro	32	static
../Core/Src/main.c:424:6:UserButton_Callback	8	static
../Core/Src/main.c:437:6:Error_Handler	8	static,ignoring_inline_asm
