../Core/Src/main.c:152:5:main	48	static
../Core/Src/main.c:275:6:SystemClock_Config	88	static
../Core/Src/main.c:328:13:MX_I2C1_Init	8	static
../Core/Src/main.c:376:13:MX_RTC_Init	32	static
../Core/Src/main.c:442:13:MX_TIM2_Init	40	static
../Core/Src/main.c:487:13:MX_TIM3_Init	40	static
../Core/Src/main.c:533:13:MX_USART2_UART_Init	8	static
../Core/Src/main.c:581:13:MX_GPIO_Init	56	static
../Core/Src/main.c:621:6:MPU6050_Init	32	static
../Core/Src/main.c:642:6:MPU6050_Read_Accel	40	static
../Core/Src/main.c:659:6:MPU6050_Read_Gyro	32	static
../Core/Src/main.c:676:6:UserButton_Callback	8	static
../Core/Src/main.c:683:6:Construct_Flash_Struct	48	static
../Core/Src/main.c:709:7:Flash_Write	64	static
../Core/Src/main.c:769:7:HAL_TIM_PeriodElapsedCallback	16	static
../Core/Src/main.c:787:6:Error_Handler	8	static,ignoring_inline_asm
