../Core/Src/main.c:146:5:main	24	static
../Core/Src/main.c:234:6:SystemClock_Config	88	static
../Core/Src/main.c:287:13:MX_I2C1_Init	8	static
../Core/Src/main.c:335:13:MX_RTC_Init	32	static
../Core/Src/main.c:401:13:MX_TIM2_Init	40	static
../Core/Src/main.c:446:13:MX_USART2_UART_Init	8	static
../Core/Src/main.c:494:13:MX_GPIO_Init	56	static
../Core/Src/main.c:534:6:MPU6050_Init	32	static
../Core/Src/main.c:555:6:MPU6050_Read_Accel	40	static
../Core/Src/main.c:572:6:MPU6050_Read_Gyro	32	static
../Core/Src/main.c:589:6:UserButton_Callback	8	static
../Core/Src/main.c:596:6:Construct_Flash_Struct	48	static
../Core/Src/main.c:622:7:Flash_Write	64	static
../Core/Src/main.c:681:6:Error_Handler	8	static,ignoring_inline_asm
