../Core/Src/main.c:178:5:main	48	static
../Core/Src/main.c:314:6:SystemClock_Config	88	static
../Core/Src/main.c:367:13:MX_I2C1_Init	8	static
../Core/Src/main.c:415:13:MX_RTC_Init	32	static
../Core/Src/main.c:481:13:MX_TIM2_Init	40	static
../Core/Src/main.c:526:13:MX_TIM3_Init	40	static
../Core/Src/main.c:572:13:MX_USART2_UART_Init	8	static
../Core/Src/main.c:620:13:MX_GPIO_Init	56	static
../Core/Src/main.c:660:6:MPU6050_Init	32	static
../Core/Src/main.c:681:6:MPU6050_Read_Accel	40	static
../Core/Src/main.c:698:6:MPU6050_Read_Gyro	32	static
../Core/Src/main.c:715:6:UserButton_Callback	8	static
../Core/Src/main.c:725:6:Construct_Flash_Struct	48	static
../Core/Src/main.c:751:7:Flash_Write_After_2Secs	64	static
../Core/Src/main.c:799:7:Flash_Write_Past_1s	64	static
../Core/Src/main.c:844:7:HAL_TIM_PeriodElapsedCallback	16	static
../Core/Src/main.c:861:6:Dynamic_Buffer_Write	16	static
../Core/Src/main.c:874:10:Dynamic_Buffer_Read	16	static
../Core/Src/main.c:890:6:Error_Handler	8	static,ignoring_inline_asm
