../Core/Src/main.c:139:5:main	24	static
../Core/Src/main.c:229:6:SystemClock_Config	88	static
../Core/Src/main.c:282:13:MX_I2C1_Init	8	static
../Core/Src/main.c:330:13:MX_RTC_Init	32	static
../Core/Src/main.c:396:13:MX_TIM2_Init	40	static
../Core/Src/main.c:441:13:MX_USART2_UART_Init	8	static
../Core/Src/main.c:489:13:MX_GPIO_Init	56	static
../Core/Src/main.c:529:6:MPU6050_Init	32	static
../Core/Src/main.c:550:6:MPU6050_Read_Accel	40	static
../Core/Src/main.c:567:6:MPU6050_Read_Gyro	32	static
../Core/Src/main.c:584:6:UserButton_Callback	8	static
../Core/Src/main.c:591:6:Construct_Flash_Struct	48	static
../Core/Src/main.c:617:7:Flash_Write	48	static
../Core/Src/main.c:703:6:Error_Handler	8	static,ignoring_inline_asm
