../Core/Src/main.c:126:5:main	56	static
../Core/Src/main.c:210:6:SystemClock_Config	88	static
../Core/Src/main.c:263:13:MX_I2C1_Init	8	static
../Core/Src/main.c:311:13:MX_RTC_Init	32	static
../Core/Src/main.c:377:13:MX_TIM2_Init	40	static
../Core/Src/main.c:422:13:MX_USART2_UART_Init	8	static
../Core/Src/main.c:470:13:MX_GPIO_Init	56	static
../Core/Src/main.c:510:6:MPU6050_Init	32	static
../Core/Src/main.c:531:6:MPU6050_Read_Accel	40	static
../Core/Src/main.c:548:6:MPU6050_Read_Gyro	32	static
../Core/Src/main.c:565:6:UserButton_Callback	8	static
../Core/Src/main.c:578:6:Error_Handler	8	static,ignoring_inline_asm
