../Core/Src/main.c:122:5:main	24	static
../Core/Src/main.c:197:6:SystemClock_Config	88	static
../Core/Src/main.c:244:13:MX_I2C1_Init	8	static
../Core/Src/main.c:292:13:MX_TIM2_Init	40	static
../Core/Src/main.c:337:13:MX_USART2_UART_Init	8	static
../Core/Src/main.c:385:13:MX_GPIO_Init	56	static
../Core/Src/main.c:425:6:MPU6050_Init	32	static
../Core/Src/main.c:446:6:MPU6050_Read_Accel	40	static
../Core/Src/main.c:463:6:MPU6050_Read_Gyro	32	static
../Core/Src/main.c:480:6:UserButton_Callback	8	static
../Core/Src/main.c:493:6:Error_Handler	8	static,ignoring_inline_asm
