../Core/Src/main.c:139:5:main	4
../Core/Src/main.c:229:6:SystemClock_Config	3
../Core/Src/main.c:282:13:MX_I2C1_Init	4
../Core/Src/main.c:330:13:MX_RTC_Init	4
../Core/Src/main.c:396:13:MX_TIM2_Init	4
../Core/Src/main.c:441:13:MX_USART2_UART_Init	5
../Core/Src/main.c:489:13:MX_GPIO_Init	1
../Core/Src/main.c:529:6:MPU6050_Init	1
../Core/Src/main.c:550:6:MPU6050_Read_Accel	1
../Core/Src/main.c:567:6:MPU6050_Read_Gyro	1
../Core/Src/main.c:584:6:UserButton_Callback	1
../Core/Src/main.c:591:6:Construct_Flash_Struct	1
../Core/Src/main.c:617:7:Flash_Write	3
../Core/Src/main.c:703:6:Error_Handler	1
