../Core/Src/main.c:166:5:main	48	static
../Core/Src/main.c:307:6:SystemClock_Config	88	static
../Core/Src/main.c:360:13:MX_I2C1_Init	8	static
../Core/Src/main.c:408:13:MX_RTC_Init	32	static
../Core/Src/main.c:474:13:MX_TIM2_Init	40	static
../Core/Src/main.c:519:13:MX_TIM3_Init	40	static
../Core/Src/main.c:565:13:MX_USART2_UART_Init	8	static
../Core/Src/main.c:613:13:MX_GPIO_Init	56	static
../Core/Src/main.c:664:6:MPU6050_Init	32	static
../Core/Src/main.c:697:6:MPU6050_Read_Accel	40	static
../Core/Src/main.c:728:6:MPU6050_Read_Gyro	32	static
../Core/Src/main.c:758:6:UserButton_Callback	8	static
../Core/Src/main.c:783:6:Construct_Flash_Struct	48	static
../Core/Src/main.c:819:7:Flash_Write_Past_1s	64	static
../Core/Src/main.c:885:7:Flash_Write_After_2Secs	64	static
../Core/Src/main.c:954:6:HAL_TIM_PeriodElapsedCallback	16	static
../Core/Src/main.c:992:6:Dynamic_Buffer_Write	16	static
../Core/Src/main.c:1026:10:Dynamic_Buffer_Read	16	static
../Core/Src/main.c:1050:6:SysTick_InitForTiming	8	static
../Core/Src/main.c:1075:10:GetElapsedTime_us	24	static
../Core/Src/main.c:1093:6:Error_Handler	8	static,ignoring_inline_asm
