../Core/Src/main.c:165:5:main	48	static
../Core/Src/main.c:295:6:SystemClock_Config	88	static
../Core/Src/main.c:348:13:MX_I2C1_Init	8	static
../Core/Src/main.c:396:13:MX_RTC_Init	32	static
../Core/Src/main.c:462:13:MX_TIM2_Init	40	static
../Core/Src/main.c:508:13:MX_TIM3_Init	40	static
../Core/Src/main.c:554:13:MX_USART2_UART_Init	8	static
../Core/Src/main.c:602:13:MX_GPIO_Init	56	static
../Core/Src/main.c:653:6:MPU6050_Init	32	static
../Core/Src/main.c:686:6:MPU6050_Read_Accel	40	static
../Core/Src/main.c:717:6:MPU6050_Read_Gyro	32	static
../Core/Src/main.c:747:6:UserButton_Callback	8	static
../Core/Src/main.c:772:6:Construct_Flash_Struct	48	static
../Core/Src/main.c:806:7:Flash_Write_Past_1s	64	static
../Core/Src/main.c:872:7:Flash_Write_After_2Secs	64	static
../Core/Src/main.c:941:6:HAL_TIM_PeriodElapsedCallback	16	static
../Core/Src/main.c:982:6:Dynamic_Buffer_Write	16	static
../Core/Src/main.c:1016:10:Dynamic_Buffer_Read	16	static
../Core/Src/main.c:1040:6:SysTick_InitForTiming	8	static
../Core/Src/main.c:1065:10:GetElapsedTime_us	24	static
../Core/Src/main.c:1083:6:Error_Handler	8	static,ignoring_inline_asm
