../Core/Src/main.c:161:5:main	7
../Core/Src/main.c:286:6:SystemClock_Config	3
../Core/Src/main.c:339:13:MX_I2C1_Init	4
../Core/Src/main.c:387:13:MX_RTC_Init	4
../Core/Src/main.c:453:13:MX_TIM2_Init	4
../Core/Src/main.c:498:13:MX_TIM3_Init	4
../Core/Src/main.c:544:13:MX_USART2_UART_Init	5
../Core/Src/main.c:592:13:MX_GPIO_Init	1
../Core/Src/main.c:632:6:MPU6050_Init	1
../Core/Src/main.c:653:6:MPU6050_Read_Accel	1
../Core/Src/main.c:670:6:MPU6050_Read_Gyro	1
../Core/Src/main.c:687:6:UserButton_Callback	2
../Core/Src/main.c:697:6:Construct_Flash_Struct	1
../Core/Src/main.c:723:7:Flash_Write	5
../Core/Src/main.c:786:7:HAL_TIM_PeriodElapsedCallback	3
../Core/Src/main.c:823:6:Error_Handler	1
