2025-08-12 08:55:51,965 [INFO] Activator:176 - 


2025-08-12 08:55:51,972 [INFO] Activator:177 - !SESSION log4j initialized
2025-08-12 08:55:57,705 [INFO] LogOutputStream:77 - [STDOUT_REDIRECT] 
2025-08-12 08:55:58,117 [ERROR] ConfigurationRetriever:142 - IOException on connection: sw-center.st.com
2025-08-12 08:55:58,118 [ERROR] ConfigurationRetriever:142 - IOException on connection: sw-center.st.com
2025-08-12 08:55:58,119 [ERROR] ConfigurationRetriever:142 - IOException on connection: sw-center.st.com
2025-08-12 08:55:59,545 [INFO] ApplicationProperties:184 - Using Application install path: C:\Users\Oguzm\Downloads\STM32CubeIDE_1.18.1\STM32CubeIDE\plugins\com.st.stm32cube.common.mx_6.14.1.202504091515
2025-08-12 08:55:59,583 [INFO] DbMcusXml:78 - Set database path to: C:\Users\Oguzm\Downloads\STM32CubeIDE_1.18.1\STM32CubeIDE\plugins\com.st.stm32cube.common.mx_6.14.1.202504091515\\db\/mcu/
2025-08-12 08:55:59,583 [INFO] ApiDb:274 - Set plugin database path to: C:\Users\Oguzm\Downloads\STM32CubeIDE_1.18.1\STM32CubeIDE\plugins\com.st.stm32cube.common.mx_6.14.1.202504091515\\db\/plugins/boardmanager/
2025-08-12 08:55:59,584 [WARN] ApiDb:259 - Overriding images path with different value:  => C:\Users\Oguzm\Downloads\STM32CubeIDE_1.18.1\STM32CubeIDE\plugins\com.st.stm32cube.common.mx_6.14.1.202504091515\\db\/plugins/mcufinder/images/
2025-08-12 08:55:59,600 [INFO] ApiDb:250 - Set database path to: C:\Users\Oguzm\.stmcufinder\plugins\mcufinder//mcu/
2025-08-12 08:55:59,602 [INFO] DbMcusAds:125 - Set database path to: C:\Users\Oguzm\.stmcufinder\plugins\mcufinder//mcu/
2025-08-12 08:55:59,608 [INFO] CrossReferenceDbSqlite:203 - Set database path to: C:\Users\Oguzm\.stmcufinder\plugins\mcufinder//mcu/cs/
2025-08-12 08:55:59,832 [INFO] RulesReader:64 - Compatibility file has been processed (302 Rules)
2025-08-12 08:56:00,008 [INFO] DbMcusXml:78 - Set database path to: C:\Users\Oguzm\Downloads\STM32CubeIDE_1.18.1\STM32CubeIDE\plugins\com.st.stm32cube.common.mx_6.14.1.202504091515\\db\/mcu/
2025-08-12 08:56:00,009 [INFO] ApiDb:274 - Set plugin database path to: C:\Users\Oguzm\Downloads\STM32CubeIDE_1.18.1\STM32CubeIDE\plugins\com.st.stm32cube.common.mx_6.14.1.202504091515\\db\/plugins/boardmanager/
2025-08-12 08:56:00,009 [INFO] ApiDb:261 - Set plugin images path to: C:\Users\Oguzm\Downloads\STM32CubeIDE_1.18.1\STM32CubeIDE\plugins\com.st.stm32cube.common.mx_6.14.1.202504091515\\db\/plugins/mcufinder/images/
2025-08-12 08:56:00,010 [WARN] DbFile:41 - Overriding database path with different value: C:\Users\Oguzm\.stmcufinder\plugins\mcufinder/ => C:\Users\Oguzm\.stmcufinder\plugins\mcufinder
2025-08-12 08:56:00,010 [INFO] ApiDb:250 - Set database path to: C:\Users\Oguzm\.stmcufinder\plugins\mcufinder//mcu/
2025-08-12 08:56:00,010 [WARN] DbFile:41 - Overriding database path with different value: C:\Users\Oguzm\.stmcufinder\plugins\mcufinder/ => C:\Users\Oguzm\.stmcufinder\plugins\mcufinder
2025-08-12 08:56:00,011 [INFO] DbMcusAds:125 - Set database path to: C:\Users\Oguzm\.stmcufinder\plugins\mcufinder//mcu/
2025-08-12 08:56:00,011 [WARN] DbFile:41 - Overriding database path with different value: C:\Users\Oguzm\.stmcufinder\plugins\mcufinder/ => C:\Users\Oguzm\.stmcufinder\plugins\mcufinder
2025-08-12 08:56:00,011 [WARN] DbFile:41 - Overriding database path with different value: C:\Users\Oguzm\.stmcufinder\plugins\mcufinder/ => C:\Users\Oguzm\.stmcufinder\plugins\mcufinder
2025-08-12 08:56:00,011 [INFO] CrossReferenceDbSqlite:203 - Set database path to: C:\Users\Oguzm\.stmcufinder\plugins\mcufinder//mcu/cs/
2025-08-12 08:56:00,155 [INFO] MainPanel:272 - HeapMemory: 268435456
2025-08-12 08:56:00,320 [INFO] DbMcusXml:78 - Set database path to: C:\Users\Oguzm\Downloads\STM32CubeIDE_1.18.1\STM32CubeIDE\plugins\com.st.stm32cube.common.mx_6.14.1.202504091515\\db\/mcu/
2025-08-12 08:56:00,321 [INFO] ApiDb:274 - Set plugin database path to: C:\Users\Oguzm\Downloads\STM32CubeIDE_1.18.1\STM32CubeIDE\plugins\com.st.stm32cube.common.mx_6.14.1.202504091515\\db\/plugins/boardmanager/
2025-08-12 08:56:00,321 [INFO] ApiDb:261 - Set plugin images path to: C:\Users\Oguzm\Downloads\STM32CubeIDE_1.18.1\STM32CubeIDE\plugins\com.st.stm32cube.common.mx_6.14.1.202504091515\\db\/plugins/mcufinder/images/
2025-08-12 08:56:00,321 [WARN] DbFile:41 - Overriding database path with different value: C:\Users\Oguzm\.stmcufinder\plugins\mcufinder/ => C:\Users\Oguzm\.stmcufinder\plugins\mcufinder
2025-08-12 08:56:00,322 [INFO] ApiDb:250 - Set database path to: C:\Users\Oguzm\.stmcufinder\plugins\mcufinder//mcu/
2025-08-12 08:56:00,322 [WARN] DbFile:41 - Overriding database path with different value: C:\Users\Oguzm\.stmcufinder\plugins\mcufinder/ => C:\Users\Oguzm\.stmcufinder\plugins\mcufinder
2025-08-12 08:56:00,322 [INFO] DbMcusAds:125 - Set database path to: C:\Users\Oguzm\.stmcufinder\plugins\mcufinder//mcu/
2025-08-12 08:56:00,322 [WARN] DbFile:41 - Overriding database path with different value: C:\Users\Oguzm\.stmcufinder\plugins\mcufinder/ => C:\Users\Oguzm\.stmcufinder\plugins\mcufinder
2025-08-12 08:56:00,322 [WARN] DbFile:41 - Overriding database path with different value: C:\Users\Oguzm\.stmcufinder\plugins\mcufinder/ => C:\Users\Oguzm\.stmcufinder\plugins\mcufinder
2025-08-12 08:56:00,322 [INFO] CrossReferenceDbSqlite:203 - Set database path to: C:\Users\Oguzm\.stmcufinder\plugins\mcufinder//mcu/cs/
2025-08-12 08:56:00,349 [INFO] ApplicationProperties:184 - Using Application install path: C:\Users\Oguzm\Downloads\STM32CubeIDE_1.18.1\STM32CubeIDE\plugins\com.st.stm32cube.common.mx_6.14.1.202504091515
2025-08-12 08:56:00,351 [INFO] PluginManage:196 - Search for loadable plugins [exclusion list=, ]
2025-08-12 08:56:00,352 [INFO] PluginManage:310 - Check plugin analytics
2025-08-12 08:56:00,570 [INFO] AnalyticsPlugin:253 - Accepted Software Licenses: 
2025-08-12 08:56:00,570 [INFO] AnalyticsPlugin:255 - Accepted CMSIS Pack Licenses: 
2025-08-12 08:56:00,570 [INFO] AnalyticsPlugin:257 - Accepted Firmware Licenses: FW.G0.1.6.0
2025-08-12 08:56:00,574 [INFO] PluginManage:359 - Loaded plugin analytics (category:tool,tabindex:-1)
2025-08-12 08:56:00,574 [ERROR] ConfigurationRetriever:142 - IOException on connection: sw-center.st.com
2025-08-12 08:56:00,576 [INFO] PluginManage:310 - Check plugin cadmodel
2025-08-12 08:56:00,576 [ERROR] ConfigurationRetriever:142 - IOException on connection: sw-center.st.com
2025-08-12 08:56:00,576 [ERROR] ConfigurationRetriever:142 - IOException on connection: sw-center.st.com
2025-08-12 08:56:00,583 [INFO] CADModel:105 - Init CAD model plugin
2025-08-12 08:56:00,583 [INFO] PluginManage:359 - Loaded plugin cadmodel (category:power,tabindex:5)
2025-08-12 08:56:00,583 [INFO] PluginManage:310 - Check plugin clock
2025-08-12 08:56:00,595 [INFO] PluginManage:359 - Loaded plugin clock (category:base,tabindex:2)
2025-08-12 08:56:00,595 [INFO] PluginManage:310 - Check plugin ddr
2025-08-12 08:56:00,598 [INFO] PluginManage:359 - Loaded plugin ddr (category:tool,tabindex:6)
2025-08-12 08:56:00,599 [INFO] PluginManage:310 - Check plugin filemanager
2025-08-12 08:56:00,755 [INFO] PluginManage:359 - Loaded plugin filemanager (category:base,tabindex:10)
2025-08-12 08:56:00,755 [INFO] PluginManage:310 - Check plugin ipmanager
2025-08-12 08:56:00,762 [INFO] PluginManage:359 - Loaded plugin ipmanager (category:base,tabindex:5)
2025-08-12 08:56:00,762 [INFO] PluginManage:310 - Check plugin lpbam
2025-08-12 08:56:00,771 [INFO] PluginManage:359 - Loaded plugin lpbam (category:base,tabindex:0)
2025-08-12 08:56:00,771 [INFO] PluginManage:310 - Check plugin memorymap
2025-08-12 08:56:00,784 [INFO] PluginManage:359 - Loaded plugin memorymap (category:base,tabindex:4)
2025-08-12 08:56:00,784 [INFO] PluginManage:310 - Check plugin pinoutandconfiguration
2025-08-12 08:56:00,794 [INFO] PluginManage:359 - Loaded plugin pinoutandconfiguration (category:base,tabindex:1)
2025-08-12 08:56:00,795 [INFO] PluginManage:310 - Check plugin pinoutconfig
2025-08-12 08:56:00,881 [WARN] SupportedApi:132 - Cannot load RTOS API schema: s4s-elt-must-match.1: The content of 'definitions' must match (annotation?, (simpleType | complexType)?, (unique | key | keyref)*)). A problem was found starting at: attribute.
2025-08-12 08:56:01,035 [INFO] PluginManage:359 - Loaded plugin pinoutconfig (category:base,tabindex:0)
2025-08-12 08:56:01,035 [INFO] PluginManage:310 - Check plugin power
2025-08-12 08:56:01,048 [INFO] PluginManage:359 - Loaded plugin power (category:power,tabindex:4)
2025-08-12 08:56:01,049 [INFO] PluginManage:310 - Check plugin projectmanager
2025-08-12 08:56:01,067 [INFO] PluginManage:359 - Loaded plugin projectmanager (category:projectmanager,tabindex:4)
2025-08-12 08:56:01,067 [INFO] PluginManage:310 - Check plugin rif
2025-08-12 08:56:01,076 [INFO] PluginManage:359 - Loaded plugin rif (category:base,tabindex:3)
2025-08-12 08:56:01,077 [INFO] PluginManage:310 - Check plugin thirdparty
2025-08-12 08:56:01,223 [WARN] IntegrityCheckThread:84 - waiting for thirdparty lock release [integrity check]
2025-08-12 08:56:01,223 [INFO] IntegrityCheckThread:86 - entering critical section [integrity check]
2025-08-12 08:56:01,223 [INFO] PluginManage:359 - Loaded plugin thirdparty (category:base,tabindex:-1)
2025-08-12 08:56:01,223 [INFO] PluginManage:310 - Check plugin tools
2025-08-12 08:56:01,223 [INFO] ThirdPartyUpdaterWithRetryManager:70 - Updater plugin not ready yet. [1/15]
2025-08-12 08:56:01,226 [INFO] PluginManage:359 - Loaded plugin tools (category:base,tabindex:7)
2025-08-12 08:56:01,227 [INFO] PluginManage:310 - Check plugin tutovideos
2025-08-12 08:56:01,387 [INFO] PluginManage:359 - Loaded plugin tutovideos (category:base,tabindex:-1)
2025-08-12 08:56:01,387 [INFO] PluginManage:310 - Check plugin updater
2025-08-12 08:56:01,408 [INFO] PluginManage:359 - Loaded plugin updater (category:base,tabindex:12)
2025-08-12 08:56:01,408 [INFO] PluginManage:310 - Check plugin userauth
2025-08-12 08:56:01,413 [INFO] UserAuth:118 - Init User Auth plugin
2025-08-12 08:56:01,414 [INFO] PluginManage:359 - Loaded plugin userauth (category:base,tabindex:14)
2025-08-12 08:56:01,415 [INFO] PluginManage:283 - PluginManage : Loaded plugins [18]
2025-08-12 08:56:01,646 [INFO] PinOutPanel:1589 - setPackage(No Configuration,No Configuration)
2025-08-12 08:56:01,732 [INFO] CADModel:165 - CPN selected for project level
2025-08-12 08:56:01,733 [INFO] CADModel:114 - Register for checkConnection events
2025-08-12 08:56:01,752 [INFO] IPUIPlugin:80 - create IPUIPlugin
2025-08-12 08:56:01,752 [INFO] PluginManager:220 - loadIPPluginJar : add adc
2025-08-12 08:56:01,756 [INFO] IPUIPlugin:80 - create IPUIPlugin
2025-08-12 08:56:01,756 [INFO] PluginManager:220 - loadIPPluginJar : add aes
2025-08-12 08:56:01,759 [INFO] IPUIPlugin:80 - create IPUIPlugin
2025-08-12 08:56:01,759 [INFO] PluginManager:220 - loadIPPluginJar : add can
2025-08-12 08:56:01,761 [INFO] IPUIPlugin:80 - create IPUIPlugin
2025-08-12 08:56:01,761 [INFO] PluginManager:220 - loadIPPluginJar : add comp
2025-08-12 08:56:01,764 [INFO] IPUIPlugin:80 - create IPUIPlugin
2025-08-12 08:56:01,764 [INFO] PluginManager:220 - loadIPPluginJar : add cryp
2025-08-12 08:56:01,767 [INFO] IPUIPlugin:80 - create IPUIPlugin
2025-08-12 08:56:01,767 [INFO] PluginManager:220 - loadIPPluginJar : add ddr_ctrl_phy
2025-08-12 08:56:01,770 [INFO] IPUIPlugin:80 - create IPUIPlugin
2025-08-12 08:56:01,770 [INFO] PluginManager:220 - loadIPPluginJar : add dfsdm
2025-08-12 08:56:01,776 [INFO] IPUIPlugin:80 - create IPUIPlugin
2025-08-12 08:56:01,776 [INFO] PluginManager:220 - loadIPPluginJar : add dma
2025-08-12 08:56:01,779 [INFO] IPUIPlugin:80 - create IPUIPlugin
2025-08-12 08:56:01,779 [INFO] PluginManager:220 - loadIPPluginJar : add dma3
2025-08-12 08:56:01,783 [INFO] IPUIPlugin:80 - create IPUIPlugin
2025-08-12 08:56:01,783 [INFO] PluginManager:220 - loadIPPluginJar : add extmemmanager
2025-08-12 08:56:01,786 [INFO] IPUIPlugin:80 - create IPUIPlugin
2025-08-12 08:56:01,786 [INFO] PluginManager:220 - loadIPPluginJar : add fatfs
2025-08-12 08:56:01,790 [INFO] IPUIPlugin:80 - create IPUIPlugin
2025-08-12 08:56:01,790 [INFO] PluginManager:220 - loadIPPluginJar : add fmc
2025-08-12 08:56:01,797 [INFO] IPUIPlugin:80 - create IPUIPlugin
2025-08-12 08:56:01,797 [INFO] PluginManager:220 - loadIPPluginJar : add freertos
2025-08-12 08:56:01,799 [INFO] IPUIPlugin:80 - create IPUIPlugin
2025-08-12 08:56:01,799 [INFO] PluginManager:220 - loadIPPluginJar : add genericplugin
2025-08-12 08:56:01,802 [INFO] IPUIPlugin:80 - create IPUIPlugin
2025-08-12 08:56:01,802 [INFO] PluginManager:220 - loadIPPluginJar : add gfxmmu
2025-08-12 08:56:01,806 [INFO] IPUIPlugin:80 - create IPUIPlugin
2025-08-12 08:56:01,806 [INFO] PluginManager:220 - loadIPPluginJar : add gic
2025-08-12 08:56:01,811 [INFO] IPUIPlugin:80 - create IPUIPlugin
2025-08-12 08:56:01,811 [INFO] PluginManager:220 - loadIPPluginJar : add gpio
2025-08-12 08:56:01,815 [INFO] IPUIPlugin:80 - create IPUIPlugin
2025-08-12 08:56:01,815 [INFO] PluginManager:220 - loadIPPluginJar : add gtzc
2025-08-12 08:56:01,818 [INFO] IPUIPlugin:80 - create IPUIPlugin
2025-08-12 08:56:01,818 [INFO] PluginManager:220 - loadIPPluginJar : add hash
2025-08-12 08:56:01,822 [INFO] IPUIPlugin:80 - create IPUIPlugin
2025-08-12 08:56:01,822 [INFO] PluginManager:220 - loadIPPluginJar : add i2c
2025-08-12 08:56:01,825 [INFO] IPUIPlugin:80 - create IPUIPlugin
2025-08-12 08:56:01,825 [INFO] PluginManager:220 - loadIPPluginJar : add i2s
2025-08-12 08:56:01,828 [INFO] IPUIPlugin:80 - create IPUIPlugin
2025-08-12 08:56:01,828 [INFO] PluginManager:220 - loadIPPluginJar : add i3c
2025-08-12 08:56:01,832 [INFO] IPUIPlugin:80 - create IPUIPlugin
2025-08-12 08:56:01,833 [INFO] PluginManager:220 - loadIPPluginJar : add ipddr
2025-08-12 08:56:01,842 [INFO] IPUIPlugin:80 - create IPUIPlugin
2025-08-12 08:56:01,842 [INFO] PluginManager:220 - loadIPPluginJar : add linkedlist
2025-08-12 08:56:01,847 [INFO] IPUIPlugin:80 - create IPUIPlugin
2025-08-12 08:56:01,847 [INFO] PluginManager:220 - loadIPPluginJar : add lorawan
2025-08-12 08:56:01,850 [INFO] IPUIPlugin:80 - create IPUIPlugin
2025-08-12 08:56:01,851 [INFO] PluginManager:220 - loadIPPluginJar : add ltdc
2025-08-12 08:56:01,856 [INFO] IPUIPlugin:80 - create IPUIPlugin
2025-08-12 08:56:01,857 [INFO] PluginManager:220 - loadIPPluginJar : add mdma
2025-08-12 08:56:01,860 [INFO] IPUIPlugin:80 - create IPUIPlugin
2025-08-12 08:56:01,860 [INFO] PluginManager:220 - loadIPPluginJar : add nvic
2025-08-12 08:56:01,864 [INFO] IPUIPlugin:80 - create IPUIPlugin
2025-08-12 08:56:01,864 [INFO] PluginManager:220 - loadIPPluginJar : add opamp
2025-08-12 08:56:01,867 [INFO] IPUIPlugin:80 - create IPUIPlugin
2025-08-12 08:56:01,868 [INFO] PluginManager:220 - loadIPPluginJar : add openamp
2025-08-12 08:56:01,871 [INFO] IPUIPlugin:80 - create IPUIPlugin
2025-08-12 08:56:01,871 [INFO] PluginManager:220 - loadIPPluginJar : add pdm2pcm
2025-08-12 08:56:01,877 [INFO] IPUIPlugin:80 - create IPUIPlugin
2025-08-12 08:56:01,880 [INFO] PluginManager:220 - loadIPPluginJar : add plateformsettings
2025-08-12 08:56:01,881 [INFO] IPUIPlugin:80 - create IPUIPlugin
2025-08-12 08:56:01,882 [INFO] PluginManager:220 - loadIPPluginJar : add quadspi
2025-08-12 08:56:01,884 [INFO] IPUIPlugin:80 - create IPUIPlugin
2025-08-12 08:56:01,885 [INFO] PluginManager:220 - loadIPPluginJar : add radio
2025-08-12 08:56:01,890 [INFO] IPUIPlugin:80 - create IPUIPlugin
2025-08-12 08:56:01,891 [INFO] PluginManager:220 - loadIPPluginJar : add resmgrutility
2025-08-12 08:56:01,895 [INFO] IPUIPlugin:80 - create IPUIPlugin
2025-08-12 08:56:01,895 [INFO] PluginManager:220 - loadIPPluginJar : add sai
2025-08-12 08:56:01,898 [INFO] IPUIPlugin:80 - create IPUIPlugin
2025-08-12 08:56:01,898 [INFO] PluginManager:220 - loadIPPluginJar : add spi
2025-08-12 08:56:01,905 [INFO] IPUIPlugin:80 - create IPUIPlugin
2025-08-12 08:56:01,906 [INFO] PluginManager:220 - loadIPPluginJar : add stm32_wpan
2025-08-12 08:56:01,909 [INFO] IPUIPlugin:80 - create IPUIPlugin
2025-08-12 08:56:01,909 [INFO] PluginManager:220 - loadIPPluginJar : add tim
2025-08-12 08:56:01,914 [INFO] IPUIPlugin:80 - create IPUIPlugin
2025-08-12 08:56:01,914 [INFO] PluginManager:220 - loadIPPluginJar : add touchsensing
2025-08-12 08:56:01,917 [INFO] IPUIPlugin:80 - create IPUIPlugin
2025-08-12 08:56:01,917 [INFO] PluginManager:220 - loadIPPluginJar : add tracer_emb
2025-08-12 08:56:01,920 [INFO] IPUIPlugin:80 - create IPUIPlugin
2025-08-12 08:56:01,920 [INFO] PluginManager:220 - loadIPPluginJar : add ts
2025-08-12 08:56:01,923 [INFO] IPUIPlugin:80 - create IPUIPlugin
2025-08-12 08:56:01,923 [INFO] PluginManager:220 - loadIPPluginJar : add tsc
2025-08-12 08:56:01,926 [INFO] IPUIPlugin:80 - create IPUIPlugin
2025-08-12 08:56:01,926 [INFO] PluginManager:220 - loadIPPluginJar : add ucpd
2025-08-12 08:56:01,929 [INFO] IPUIPlugin:80 - create IPUIPlugin
2025-08-12 08:56:01,930 [INFO] PluginManager:220 - loadIPPluginJar : add usart
2025-08-12 08:56:01,935 [INFO] IPUIPlugin:80 - create IPUIPlugin
2025-08-12 08:56:01,935 [INFO] PluginManager:220 - loadIPPluginJar : add usbx
2025-08-12 08:56:02,063 [FATAL] Updater:351 - Updater called before beeing initialized
2025-08-12 08:56:02,087 [INFO] RulesReader:64 - Compatibility file has been processed (302 Rules)
2025-08-12 08:56:02,097 [INFO] RulesReader:64 - Compatibility file has been processed (302 Rules)
2025-08-12 08:56:02,104 [INFO] CADModel:165 - CPN selected for project level
2025-08-12 08:56:02,105 [INFO] CADModel:114 - Register for checkConnection events
2025-08-12 08:56:02,105 [FATAL] Updater:351 - Updater called before beeing initialized
2025-08-12 08:56:02,105 [ERROR] CADModel:125 - Updater not yet initialized, retry later 
2025-08-12 08:56:02,275 [FATAL] Updater:351 - Updater called before beeing initialized
2025-08-12 08:56:02,278 [INFO] CADModel:165 - CPN selected for project level
2025-08-12 08:56:02,278 [INFO] CADModel:114 - Register for checkConnection events
2025-08-12 08:56:02,278 [FATAL] Updater:351 - Updater called before beeing initialized
2025-08-12 08:56:02,278 [ERROR] CADModel:125 - Updater not yet initialized, retry later 
2025-08-12 08:56:02,283 [FATAL] Updater:351 - Updater called before beeing initialized
2025-08-12 08:56:02,415 [FATAL] Updater:351 - Updater called before beeing initialized
2025-08-12 08:56:02,419 [INFO] DbMcusAds:53 - JSON generation date=Tue Jul 08 11:14:23 TRT 2025 (1751962463582)
2025-08-12 08:56:02,419 [FATAL] Updater:351 - Updater called before beeing initialized
2025-08-12 08:56:02,452 [WARN] DetailPanel:346 - Failed to get advertising image, set to default
2025-08-12 08:56:02,658 [FATAL] Updater:351 - Updater called before beeing initialized
2025-08-12 08:56:02,659 [FATAL] Updater:351 - Updater called before beeing initialized
2025-08-12 08:56:02,659 [FATAL] Updater:351 - Updater called before beeing initialized
2025-08-12 08:56:02,659 [WARN] DetailPanel:346 - Failed to get advertising image, set to default
2025-08-12 08:56:02,660 [FATAL] Updater:351 - Updater called before beeing initialized
2025-08-12 08:56:02,706 [ERROR] Updater:1198 - MainUpdater not yet initialized. External WinMGr cannot be set.
2025-08-12 08:56:02,708 [INFO] Updater:1134 - Updater Version found : 6.14.1
2025-08-12 08:56:02,723 [INFO] ApplicationProperties:184 - Using Application install path: C:\Users\Oguzm\Downloads\STM32CubeIDE_1.18.1\STM32CubeIDE\plugins\com.st.stm32cube.common.mx_6.14.1.202504091515
2025-08-12 08:56:04,224 [INFO] ThirdPartyUpdaterWithRetryManager:70 - Updater plugin not ready yet. [2/15]
2025-08-12 08:56:04,294 [ERROR] LogOutputStream:75 - [STDERR_REDIRECT] Aug 12, 2025 8:56:04 AM java.util.prefs.WindowsPreferences <init>
2025-08-12 08:56:04,295 [ERROR] LogOutputStream:75 - [STDERR_REDIRECT] WARNING: Could not open/create prefs root node Software\JavaSoft\Prefs at root 0xffffffff80000002. Windows RegCreateKeyEx(...) returned error code 5.
2025-08-12 08:56:04,296 [ERROR] LogOutputStream:75 - [STDERR_REDIRECT] 
2025-08-12 08:56:04,481 [INFO] MainUpdater:2872 - connection check result : 22
2025-08-12 08:56:04,482 [INFO] MainUpdater:289 - Updater Check For Update Now.
2025-08-12 08:56:04,482 [INFO] MicroXplorer:498 - Change Database Version : DB.6.0.141
2025-08-12 08:56:04,489 [INFO] McuFinderGlobals:63 - Set McuFinder mode to 2 (CubeIDE integrated)
2025-08-12 08:56:04,492 [INFO] UserAuth:484 - Internet connection configuration mode: 2
2025-08-12 08:56:04,503 [INFO] UserAuth:484 - Internet connection configuration mode: 2
2025-08-12 08:56:04,678 [INFO] CheckServerUpdateThread:120 - End of CheckServer Thread
2025-08-12 08:56:07,420 [WARN] PackLoader:240 - Cannot read IP mode file for STMicroelectronics.FP-SNS-MOTENVWB1.1.4.0
2025-08-12 08:56:07,428 [WARN] PackLoader:240 - Cannot read IP mode file for STMicroelectronics.FP-ATR-ASTRA1.2.0.2
2025-08-12 08:56:07,437 [WARN] PackLoader:240 - Cannot read IP mode file for STMicroelectronics.X-CUBE-SMBUS.2.1.0
2025-08-12 08:56:07,444 [WARN] PackLoader:240 - Cannot read IP mode file for STMicroelectronics.X-CUBE-ST60.1.0.0
2025-08-12 08:56:07,488 [WARN] PackLoader:240 - Cannot read IP mode file for STMicroelectronics.X-CUBE-AZRTOS-F7.1.1.0
2025-08-12 08:56:07,516 [WARN] PackLoader:240 - Cannot read IP mode file for Infineon.AIROC-Wi-Fi-Bluetooth-STM32.1.7.0
2025-08-12 08:56:07,540 [WARN] PackLoader:240 - Cannot read IP mode file for STMicroelectronics.X-CUBE-AZRTOS-H7.3.4.0
2025-08-12 08:56:07,551 [WARN] PackLoader:240 - Cannot read IP mode file for STMicroelectronics.X-CUBE-DISPLAY.3.0.0
2025-08-12 08:56:07,563 [WARN] PackLoader:240 - Cannot read IP mode file for STMicroelectronics.X-CUBE-NFC10.1.0.0
2025-08-12 08:56:07,577 [WARN] PackLoader:240 - Cannot read IP mode file for STMicroelectronics.X-CUBE-BLEMGR.4.0.0
2025-08-12 08:56:07,634 [WARN] PackLoader:240 - Cannot read IP mode file for emotas.I-CUBE-CANOPEN.1.3.0
2025-08-12 08:56:07,640 [WARN] ConditionMgr:438 - getConditionDescription Invalid condition id : Cortex-A Device cause : null
2025-08-12 08:56:07,655 [WARN] ConditionMgr:1044 - genDependencies : Invalid condition id : Cortex-A Device cause : null
2025-08-12 08:56:07,656 [WARN] ConditionMgr:1044 - genDependencies : Invalid condition id : Cortex-A Device cause : null
2025-08-12 08:56:07,656 [WARN] ConditionMgr:1044 - genDependencies : Invalid condition id : Cortex-A Device cause : null
2025-08-12 08:56:07,660 [ERROR] Engine:466 - C:\Users\Oguzm\.stm32cubemx\thirdparties\pdsc\STMicroelectronics.FP-SNS-STBOX1.2.1.0.pdsc: PDSC version is not supported
2025-08-12 08:56:07,665 [WARN] PackLoader:240 - Cannot read IP mode file for STMicroelectronics.FP-SNS-SMARTAG2.1.2.0
2025-08-12 08:56:07,671 [WARN] PackLoader:240 - Cannot read IP mode file for STMicroelectronics.FP-SNS-FLIGHT1.5.1.0
2025-08-12 08:56:07,678 [INFO] LogOutputStream:77 - [STDOUT_REDIRECT] 1 : Invalid condition id : UX_CORESTACK_Condition cause : null
2025-08-12 08:56:07,679 [INFO] LogOutputStream:77 - [STDOUT_REDIRECT] 1 : Invalid condition id : UX_CORESTACK_Condition cause : null
2025-08-12 08:56:07,680 [INFO] LogOutputStream:77 - [STDOUT_REDIRECT] 1 : Invalid condition id : UX_CORESTACK_Condition cause : null
2025-08-12 08:56:07,680 [INFO] LogOutputStream:77 - [STDOUT_REDIRECT] 1 : Invalid condition id : UX_CORESTACK_Condition cause : null
2025-08-12 08:56:07,681 [INFO] LogOutputStream:77 - [STDOUT_REDIRECT] 1 : Invalid condition id : UX_CORESTACK_Condition cause : null
2025-08-12 08:56:07,685 [WARN] PackLoader:240 - Cannot read IP mode file for STMicroelectronics.X-CUBE-AZRTOS-WL.2.0.0
2025-08-12 08:56:07,692 [WARN] PackLoader:240 - Cannot read IP mode file for STMicroelectronics.FP-SNS-MOTENV1.5.0.0
2025-08-12 08:56:07,700 [WARN] PackLoader:240 - Cannot read IP mode file for WES.I-CUBE-Cesium.1.3.0
2025-08-12 08:56:07,706 [WARN] PackLoader:240 - Cannot read IP mode file for STMicroelectronics.X-CUBE-BLE2.3.3.0
2025-08-12 08:56:07,713 [WARN] PackLoader:240 - Cannot read IP mode file for STMicroelectronics.X-CUBE-NFC9.1.0.0
2025-08-12 08:56:07,719 [WARN] PackLoader:240 - Cannot read IP mode file for wolfSSL.I-CUBE-wolfSSL.5.8.0
2025-08-12 08:56:07,725 [WARN] PackLoader:240 - Cannot read IP mode file for STMicroelectronics.X-CUBE-BLE1.7.1.0
2025-08-12 08:56:07,730 [WARN] PackLoader:240 - Cannot read IP mode file for wolfSSL.I-CUBE-wolfMQTT.1.19.2
2025-08-12 08:56:07,737 [WARN] PackLoader:240 - Cannot read IP mode file for STMicroelectronics.X-CUBE-EEPRMA1.5.2.0
2025-08-12 08:56:07,744 [WARN] PackLoader:240 - Cannot read IP mode file for STMicroelectronics.X-CUBE-AI.10.1.0
2025-08-12 08:56:07,792 [WARN] PackLoader:240 - Cannot read IP mode file for STMicroelectronics.X-CUBE-MEMS1.11.2.0
2025-08-12 08:56:07,905 [WARN] PackLoader:240 - Cannot read IP mode file for STMicroelectronics.X-CUBE-AZRTOS-G0.1.1.0
2025-08-12 08:56:07,913 [WARN] PackLoader:240 - Cannot read IP mode file for STMicroelectronics.X-CUBE-SAFEA1.1.2.2
2025-08-12 08:56:07,920 [WARN] PackLoader:240 - Cannot read IP mode file for STMicroelectronics.X-CUBE-NFC4.3.0.0
2025-08-12 08:56:07,929 [WARN] PackLoader:240 - Cannot read IP mode file for EmbeddedOffice.I-CUBE-FS-RTOS.1.0.1
2025-08-12 08:56:07,935 [WARN] PackLoader:240 - Cannot read IP mode file for STMicroelectronics.X-CUBE-WB05N.2.0.0
2025-08-12 08:56:07,940 [WARN] PackLoader:240 - Cannot read IP mode file for wolfSSL.I-CUBE-wolfTPM.3.8.0
2025-08-12 08:56:07,945 [WARN] PackLoader:240 - Cannot read IP mode file for STMicroelectronics.X-CUBE-TCPP.4.2.0
2025-08-12 08:56:07,952 [WARN] PackLoader:240 - Cannot read IP mode file for RealThread.X-CUBE-RT-Thread_Nano.4.1.1
2025-08-12 08:56:07,967 [WARN] PackLoader:240 - Cannot read IP mode file for STMicroelectronics.FP-ATR-SIGFOX1.3.2.0
2025-08-12 08:56:07,979 [WARN] PackLoader:240 - Cannot read IP mode file for STMicroelectronics.X-CUBE-EEPRMA1.5.1.0
2025-08-12 08:56:07,988 [WARN] PackLoader:240 - Cannot read IP mode file for ITTIA_DB.I-CUBE-ITTIADB.8.9.0
2025-08-12 08:56:07,999 [WARN] PackLoader:240 - Cannot read IP mode file for STMicroelectronics.X-CUBE-ST67W61.1.0.0
2025-08-12 08:56:08,005 [WARN] PackLoader:240 - Cannot read IP mode file for STMicroelectronics.X-CUBE-AI.10.2.0
2025-08-12 08:56:08,032 [WARN] PackLoader:240 - Cannot read IP mode file for SEGGER.I-CUBE-embOS.1.3.1
2025-08-12 08:56:08,081 [WARN] PackLoader:240 - Cannot read IP mode file for STMicroelectronics.X-CUBE-ALGOBUILD.1.4.0
2025-08-12 08:56:08,162 [WARN] PackLoader:240 - Cannot read IP mode file for STMicroelectronics.X-CUBE-MEMS1.11.3.0
2025-08-12 08:56:08,265 [WARN] PackLoader:240 - Cannot read IP mode file for STMicroelectronics.X-CUBE-PM33A1.1.0.0
2025-08-12 08:56:08,279 [WARN] PackLoader:240 - Cannot read IP mode file for STMicroelectronics.X-CUBE-AZRTOS-F4.1.1.0
2025-08-12 08:56:08,286 [WARN] PackLoader:240 - Cannot read IP mode file for Avnet-IotConnect.X-CUBE-IoTC-DA16k-PMOD.1.0.0
2025-08-12 08:56:08,290 [WARN] PackLoader:240 - Cannot read IP mode file for STMicroelectronics.X-CUBE-ISPU.2.1.0
2025-08-12 08:56:08,299 [WARN] PackLoader:240 - Cannot read IP mode file for STMicroelectronics.X-CUBE-NFC12.1.0.0
2025-08-12 08:56:08,313 [WARN] PackLoader:240 - Cannot read IP mode file for STMicroelectronics.X-CUBE-AZRTOS-L5.2.0.0
2025-08-12 08:56:08,322 [WARN] PackLoader:240 - Cannot read IP mode file for STMicroelectronics.X-CUBE-NFC6.3.1.0
2025-08-12 08:56:08,331 [WARN] PackLoader:240 - Cannot read IP mode file for STMicroelectronics.X-CUBE-FREERTOS.1.3.1
2025-08-12 08:56:08,336 [WARN] PackLoader:240 - Cannot read IP mode file for STMicroelectronics.FP-SNS-STAIOTCFT.1.0.0
2025-08-12 08:56:08,342 [WARN] PackLoader:240 - Cannot read IP mode file for STMicroelectronics.X-CUBE-DPower.1.3.0
2025-08-12 08:56:08,353 [WARN] ConditionMgr:438 - getConditionDescription Invalid condition id : LAN8742 Phy interface Condition cause : null
2025-08-12 08:56:08,353 [WARN] PackLoader:240 - Cannot read IP mode file for STMicroelectronics.X-CUBE-AZRTOS-L4.2.0.0
2025-08-12 08:56:08,354 [WARN] ConditionMgr:1044 - genDependencies : Invalid condition id : LAN8742 Phy interface Condition cause : null
2025-08-12 08:56:08,356 [WARN] ConditionMgr:1044 - genDependencies : Invalid condition id : LAN8742 Phy interface Condition cause : null
2025-08-12 08:56:08,356 [WARN] ConditionMgr:1044 - genDependencies : Invalid condition id : LAN8742 Phy interface Condition cause : null
2025-08-12 08:56:08,363 [WARN] PackLoader:240 - Cannot read IP mode file for STMicroelectronics.X-CUBE-SFXS2LP1.4.0.0
2025-08-12 08:56:08,380 [WARN] PackLoader:240 - Cannot read IP mode file for STMicroelectronics.X-CUBE-AZRTOS-H7.3.3.0
2025-08-12 08:56:08,390 [WARN] PackLoader:240 - Cannot read IP mode file for STMicroelectronics.X-CUBE-BLEMGR.4.1.0
2025-08-12 08:56:08,402 [WARN] ConditionMgr:438 - getConditionDescription Invalid condition id : UX DEVICE CLASS RTOS Condition cause : null
2025-08-12 08:56:08,402 [WARN] ConditionMgr:438 - getConditionDescription Invalid condition id : UX DEVICE CLASS RTOS Condition cause : null
2025-08-12 08:56:08,403 [WARN] PackLoader:240 - Cannot read IP mode file for STMicroelectronics.X-CUBE-AZRTOS-WB.2.0.0
2025-08-12 08:56:08,404 [WARN] ConditionMgr:1044 - genDependencies : Invalid condition id : UX DEVICE CLASS RTOS Condition cause : null
2025-08-12 08:56:08,404 [WARN] ConditionMgr:1044 - genDependencies : Invalid condition id : UX DEVICE CLASS RTOS Condition cause : null
2025-08-12 08:56:08,404 [WARN] ConditionMgr:1044 - genDependencies : Invalid condition id : UX DEVICE CLASS RTOS Condition cause : null
2025-08-12 08:56:08,404 [WARN] ConditionMgr:1044 - genDependencies : Invalid condition id : UX DEVICE CLASS RTOS Condition cause : null
2025-08-12 08:56:08,404 [WARN] ConditionMgr:1044 - genDependencies : Invalid condition id : UX DEVICE CLASS RTOS Condition cause : null
2025-08-12 08:56:08,411 [WARN] PackLoader:240 - Cannot read IP mode file for STMicroelectronics.X-CUBE-GNSS1.7.0.1
2025-08-12 08:56:08,419 [WARN] PackLoader:240 - Cannot read IP mode file for STMicroelectronics.X-CUBE-TOUCHGFX.4.25.0
2025-08-12 08:56:08,425 [WARN] PackLoader:240 - Cannot read IP mode file for STMicroelectronics.FP-SNS-STBOX1.2.0.0
2025-08-12 08:56:08,435 [WARN] PackLoader:240 - Cannot read IP mode file for STMicroelectronics.X-CUBE-SUBG2.5.0.0
2025-08-12 08:56:08,463 [WARN] PackLoader:240 - Cannot read IP mode file for STMicroelectronics.X-CUBE-AZRTOS-H7RS.1.1.0
2025-08-12 08:56:08,471 [WARN] PackLoader:240 - Cannot read IP mode file for Cesanta.I-CUBE-Mongoose.7.13.0
2025-08-12 08:56:08,484 [WARN] PackLoader:240 - Cannot read IP mode file for STMicroelectronics.X-CUBE-AZRTOS-G4.2.0.0
2025-08-12 08:56:08,490 [WARN] PackLoader:240 - Cannot read IP mode file for wolfSSL.I-CUBE-wolfSSH.1.4.20
2025-08-12 08:56:08,496 [WARN] PackLoader:240 - Cannot read IP mode file for STMicroelectronics.X-CUBE-NFC7.2.0.0
2025-08-12 08:56:08,510 [WARN] PackLoader:240 - Cannot read IP mode file for STMicroelectronics.X-CUBE-IPS.3.1.0
2025-08-12 08:56:08,520 [WARN] PackLoader:240 - Cannot read IP mode file for STMicroelectronics.X-CUBE-ALS.1.0.2
2025-08-12 08:56:08,526 [WARN] PackLoader:240 - Cannot read IP mode file for portGmbH.I-Cube-SoM-uGOAL.1.1.0
2025-08-12 08:56:08,538 [WARN] PackLoader:240 - Cannot read IP mode file for STMicroelectronics.X-CUBE-TOF1.3.4.3
2025-08-12 08:56:08,550 [INFO] ThirdParty:978 - Integrity check success = true
2025-08-12 08:56:08,550 [INFO] IntegrityCheckThread:100 - exiting critical section [integrity check]
2025-08-12 08:56:08,550 [INFO] IntegrityCheckThread:103 - End integrity checks thread
2025-08-12 09:09:58,756 [ERROR] ConfigurationRetriever:142 - IOException on connection: sw-center.st.com
2025-08-12 09:09:58,759 [ERROR] ConfigurationRetriever:142 - IOException on connection: sw-center.st.com
2025-08-12 09:09:58,761 [ERROR] ConfigurationRetriever:142 - IOException on connection: sw-center.st.com
2025-08-12 13:40:03,728 [ERROR] ConfigurationRetriever:142 - IOException on connection: sw-center.st.com
2025-08-12 13:40:03,730 [ERROR] ConfigurationRetriever:142 - IOException on connection: sw-center.st.com
2025-08-12 13:40:03,731 [ERROR] ConfigurationRetriever:142 - IOException on connection: sw-center.st.com
2025-08-12 14:49:55,457 [ERROR] LogOutputStream:75 - [STDERR_REDIRECT] 
2025-08-12 21:21:02,054 [INFO] Activator:176 - 


2025-08-12 21:21:02,059 [INFO] Activator:177 - !SESSION log4j initialized
2025-08-12 21:21:09,848 [INFO] LogOutputStream:77 - [STDOUT_REDIRECT] 
2025-08-12 21:21:11,647 [INFO] ApplicationProperties:184 - Using Application install path: C:\Users\Oguzm\Downloads\STM32CubeIDE_1.18.1\STM32CubeIDE\plugins\com.st.stm32cube.common.mx_6.14.1.202504091515
2025-08-12 21:21:11,665 [INFO] DbMcusXml:78 - Set database path to: C:\Users\Oguzm\Downloads\STM32CubeIDE_1.18.1\STM32CubeIDE\plugins\com.st.stm32cube.common.mx_6.14.1.202504091515\\db\/mcu/
2025-08-12 21:21:11,665 [INFO] ApiDb:274 - Set plugin database path to: C:\Users\Oguzm\Downloads\STM32CubeIDE_1.18.1\STM32CubeIDE\plugins\com.st.stm32cube.common.mx_6.14.1.202504091515\\db\/plugins/boardmanager/
2025-08-12 21:21:11,665 [WARN] ApiDb:259 - Overriding images path with different value:  => C:\Users\Oguzm\Downloads\STM32CubeIDE_1.18.1\STM32CubeIDE\plugins\com.st.stm32cube.common.mx_6.14.1.202504091515\\db\/plugins/mcufinder/images/
2025-08-12 21:21:11,677 [INFO] ApiDb:250 - Set database path to: C:\Users\Oguzm\.stmcufinder\plugins\mcufinder//mcu/
2025-08-12 21:21:11,678 [INFO] DbMcusAds:125 - Set database path to: C:\Users\Oguzm\.stmcufinder\plugins\mcufinder//mcu/
2025-08-12 21:21:11,680 [INFO] CrossReferenceDbSqlite:203 - Set database path to: C:\Users\Oguzm\.stmcufinder\plugins\mcufinder//mcu/cs/
2025-08-12 21:21:11,781 [INFO] RulesReader:64 - Compatibility file has been processed (302 Rules)
2025-08-12 21:21:11,862 [INFO] DbMcusXml:78 - Set database path to: C:\Users\Oguzm\Downloads\STM32CubeIDE_1.18.1\STM32CubeIDE\plugins\com.st.stm32cube.common.mx_6.14.1.202504091515\\db\/mcu/
2025-08-12 21:21:11,863 [INFO] ApiDb:274 - Set plugin database path to: C:\Users\Oguzm\Downloads\STM32CubeIDE_1.18.1\STM32CubeIDE\plugins\com.st.stm32cube.common.mx_6.14.1.202504091515\\db\/plugins/boardmanager/
2025-08-12 21:21:11,863 [INFO] ApiDb:261 - Set plugin images path to: C:\Users\Oguzm\Downloads\STM32CubeIDE_1.18.1\STM32CubeIDE\plugins\com.st.stm32cube.common.mx_6.14.1.202504091515\\db\/plugins/mcufinder/images/
2025-08-12 21:21:11,863 [WARN] DbFile:41 - Overriding database path with different value: C:\Users\Oguzm\.stmcufinder\plugins\mcufinder/ => C:\Users\Oguzm\.stmcufinder\plugins\mcufinder
2025-08-12 21:21:11,863 [INFO] ApiDb:250 - Set database path to: C:\Users\Oguzm\.stmcufinder\plugins\mcufinder//mcu/
2025-08-12 21:21:11,863 [WARN] DbFile:41 - Overriding database path with different value: C:\Users\Oguzm\.stmcufinder\plugins\mcufinder/ => C:\Users\Oguzm\.stmcufinder\plugins\mcufinder
2025-08-12 21:21:11,863 [INFO] DbMcusAds:125 - Set database path to: C:\Users\Oguzm\.stmcufinder\plugins\mcufinder//mcu/
2025-08-12 21:21:11,863 [WARN] DbFile:41 - Overriding database path with different value: C:\Users\Oguzm\.stmcufinder\plugins\mcufinder/ => C:\Users\Oguzm\.stmcufinder\plugins\mcufinder
2025-08-12 21:21:11,863 [WARN] DbFile:41 - Overriding database path with different value: C:\Users\Oguzm\.stmcufinder\plugins\mcufinder/ => C:\Users\Oguzm\.stmcufinder\plugins\mcufinder
2025-08-12 21:21:11,863 [INFO] CrossReferenceDbSqlite:203 - Set database path to: C:\Users\Oguzm\.stmcufinder\plugins\mcufinder//mcu/cs/
2025-08-12 21:21:11,945 [INFO] MainPanel:272 - HeapMemory: 268435456
2025-08-12 21:21:12,067 [INFO] DbMcusXml:78 - Set database path to: C:\Users\Oguzm\Downloads\STM32CubeIDE_1.18.1\STM32CubeIDE\plugins\com.st.stm32cube.common.mx_6.14.1.202504091515\\db\/mcu/
2025-08-12 21:21:12,067 [INFO] ApiDb:274 - Set plugin database path to: C:\Users\Oguzm\Downloads\STM32CubeIDE_1.18.1\STM32CubeIDE\plugins\com.st.stm32cube.common.mx_6.14.1.202504091515\\db\/plugins/boardmanager/
2025-08-12 21:21:12,067 [INFO] ApiDb:261 - Set plugin images path to: C:\Users\Oguzm\Downloads\STM32CubeIDE_1.18.1\STM32CubeIDE\plugins\com.st.stm32cube.common.mx_6.14.1.202504091515\\db\/plugins/mcufinder/images/
2025-08-12 21:21:12,068 [WARN] DbFile:41 - Overriding database path with different value: C:\Users\Oguzm\.stmcufinder\plugins\mcufinder/ => C:\Users\Oguzm\.stmcufinder\plugins\mcufinder
2025-08-12 21:21:12,068 [INFO] ApiDb:250 - Set database path to: C:\Users\Oguzm\.stmcufinder\plugins\mcufinder//mcu/
2025-08-12 21:21:12,068 [WARN] DbFile:41 - Overriding database path with different value: C:\Users\Oguzm\.stmcufinder\plugins\mcufinder/ => C:\Users\Oguzm\.stmcufinder\plugins\mcufinder
2025-08-12 21:21:12,068 [INFO] DbMcusAds:125 - Set database path to: C:\Users\Oguzm\.stmcufinder\plugins\mcufinder//mcu/
2025-08-12 21:21:12,068 [WARN] DbFile:41 - Overriding database path with different value: C:\Users\Oguzm\.stmcufinder\plugins\mcufinder/ => C:\Users\Oguzm\.stmcufinder\plugins\mcufinder
2025-08-12 21:21:12,068 [WARN] DbFile:41 - Overriding database path with different value: C:\Users\Oguzm\.stmcufinder\plugins\mcufinder/ => C:\Users\Oguzm\.stmcufinder\plugins\mcufinder
2025-08-12 21:21:12,068 [INFO] CrossReferenceDbSqlite:203 - Set database path to: C:\Users\Oguzm\.stmcufinder\plugins\mcufinder//mcu/cs/
2025-08-12 21:21:12,088 [INFO] ApplicationProperties:184 - Using Application install path: C:\Users\Oguzm\Downloads\STM32CubeIDE_1.18.1\STM32CubeIDE\plugins\com.st.stm32cube.common.mx_6.14.1.202504091515
2025-08-12 21:21:12,089 [INFO] PluginManage:196 - Search for loadable plugins [exclusion list=, ]
2025-08-12 21:21:12,092 [INFO] PluginManage:310 - Check plugin analytics
2025-08-12 21:21:12,263 [INFO] AnalyticsPlugin:253 - Accepted Software Licenses: 
2025-08-12 21:21:12,263 [INFO] AnalyticsPlugin:255 - Accepted CMSIS Pack Licenses: 
2025-08-12 21:21:12,263 [INFO] AnalyticsPlugin:257 - Accepted Firmware Licenses: FW.G0.1.6.0
2025-08-12 21:21:12,265 [INFO] PluginManage:359 - Loaded plugin analytics (category:tool,tabindex:-1)
2025-08-12 21:21:12,265 [INFO] PluginManage:310 - Check plugin cadmodel
2025-08-12 21:21:12,273 [INFO] CADModel:105 - Init CAD model plugin
2025-08-12 21:21:12,274 [INFO] PluginManage:359 - Loaded plugin cadmodel (category:power,tabindex:5)
2025-08-12 21:21:12,274 [INFO] PluginManage:310 - Check plugin clock
2025-08-12 21:21:12,285 [INFO] PluginManage:359 - Loaded plugin clock (category:base,tabindex:2)
2025-08-12 21:21:12,285 [INFO] PluginManage:310 - Check plugin ddr
2025-08-12 21:21:12,289 [INFO] PluginManage:359 - Loaded plugin ddr (category:tool,tabindex:6)
2025-08-12 21:21:12,289 [INFO] PluginManage:310 - Check plugin filemanager
2025-08-12 21:21:12,443 [INFO] PluginManage:359 - Loaded plugin filemanager (category:base,tabindex:10)
2025-08-12 21:21:12,443 [INFO] PluginManage:310 - Check plugin ipmanager
2025-08-12 21:21:12,451 [INFO] PluginManage:359 - Loaded plugin ipmanager (category:base,tabindex:5)
2025-08-12 21:21:12,451 [INFO] PluginManage:310 - Check plugin lpbam
2025-08-12 21:21:12,459 [INFO] PluginManage:359 - Loaded plugin lpbam (category:base,tabindex:0)
2025-08-12 21:21:12,459 [INFO] PluginManage:310 - Check plugin memorymap
2025-08-12 21:21:12,474 [INFO] PluginManage:359 - Loaded plugin memorymap (category:base,tabindex:4)
2025-08-12 21:21:12,474 [INFO] PluginManage:310 - Check plugin pinoutandconfiguration
2025-08-12 21:21:12,483 [INFO] PluginManage:359 - Loaded plugin pinoutandconfiguration (category:base,tabindex:1)
2025-08-12 21:21:12,484 [INFO] PluginManage:310 - Check plugin pinoutconfig
2025-08-12 21:21:12,588 [WARN] SupportedApi:132 - Cannot load RTOS API schema: s4s-elt-must-match.1: The content of 'definitions' must match (annotation?, (simpleType | complexType)?, (unique | key | keyref)*)). A problem was found starting at: attribute.
2025-08-12 21:21:12,731 [INFO] PluginManage:359 - Loaded plugin pinoutconfig (category:base,tabindex:0)
2025-08-12 21:21:12,731 [INFO] PluginManage:310 - Check plugin power
2025-08-12 21:21:12,743 [INFO] PluginManage:359 - Loaded plugin power (category:power,tabindex:4)
2025-08-12 21:21:12,744 [INFO] PluginManage:310 - Check plugin projectmanager
2025-08-12 21:21:12,760 [INFO] PluginManage:359 - Loaded plugin projectmanager (category:projectmanager,tabindex:4)
2025-08-12 21:21:12,760 [INFO] PluginManage:310 - Check plugin rif
2025-08-12 21:21:12,771 [INFO] PluginManage:359 - Loaded plugin rif (category:base,tabindex:3)
2025-08-12 21:21:12,771 [INFO] PluginManage:310 - Check plugin thirdparty
2025-08-12 21:21:12,946 [INFO] PluginManage:359 - Loaded plugin thirdparty (category:base,tabindex:-1)
2025-08-12 21:21:12,946 [WARN] IntegrityCheckThread:84 - waiting for thirdparty lock release [integrity check]
2025-08-12 21:21:12,946 [INFO] PluginManage:310 - Check plugin tools
2025-08-12 21:21:12,946 [INFO] IntegrityCheckThread:86 - entering critical section [integrity check]
2025-08-12 21:21:12,947 [INFO] ThirdPartyUpdaterWithRetryManager:70 - Updater plugin not ready yet. [1/15]
2025-08-12 21:21:12,949 [INFO] PluginManage:359 - Loaded plugin tools (category:base,tabindex:7)
2025-08-12 21:21:12,949 [INFO] PluginManage:310 - Check plugin tutovideos
2025-08-12 21:21:13,117 [INFO] PluginManage:359 - Loaded plugin tutovideos (category:base,tabindex:-1)
2025-08-12 21:21:13,117 [INFO] PluginManage:310 - Check plugin updater
2025-08-12 21:21:13,138 [INFO] PluginManage:359 - Loaded plugin updater (category:base,tabindex:12)
2025-08-12 21:21:13,138 [INFO] PluginManage:310 - Check plugin userauth
2025-08-12 21:21:13,143 [INFO] UserAuth:118 - Init User Auth plugin
2025-08-12 21:21:13,144 [INFO] PluginManage:359 - Loaded plugin userauth (category:base,tabindex:14)
2025-08-12 21:21:13,145 [INFO] PluginManage:283 - PluginManage : Loaded plugins [18]
2025-08-12 21:21:13,656 [INFO] PinOutPanel:1589 - setPackage(No Configuration,No Configuration)
2025-08-12 21:21:13,949 [INFO] CADModel:165 - CPN selected for project level
2025-08-12 21:21:13,949 [INFO] CADModel:114 - Register for checkConnection events
2025-08-12 21:21:13,992 [INFO] IPUIPlugin:80 - create IPUIPlugin
2025-08-12 21:21:13,992 [INFO] PluginManager:220 - loadIPPluginJar : add adc
2025-08-12 21:21:13,998 [INFO] IPUIPlugin:80 - create IPUIPlugin
2025-08-12 21:21:13,998 [INFO] PluginManager:220 - loadIPPluginJar : add aes
2025-08-12 21:21:14,004 [INFO] IPUIPlugin:80 - create IPUIPlugin
2025-08-12 21:21:14,005 [INFO] PluginManager:220 - loadIPPluginJar : add can
2025-08-12 21:21:14,010 [INFO] IPUIPlugin:80 - create IPUIPlugin
2025-08-12 21:21:14,010 [INFO] PluginManager:220 - loadIPPluginJar : add comp
2025-08-12 21:21:14,016 [INFO] IPUIPlugin:80 - create IPUIPlugin
2025-08-12 21:21:14,017 [INFO] PluginManager:220 - loadIPPluginJar : add cryp
2025-08-12 21:21:14,023 [INFO] IPUIPlugin:80 - create IPUIPlugin
2025-08-12 21:21:14,024 [INFO] PluginManager:220 - loadIPPluginJar : add ddr_ctrl_phy
2025-08-12 21:21:14,028 [INFO] IPUIPlugin:80 - create IPUIPlugin
2025-08-12 21:21:14,029 [INFO] PluginManager:220 - loadIPPluginJar : add dfsdm
2025-08-12 21:21:14,041 [INFO] IPUIPlugin:80 - create IPUIPlugin
2025-08-12 21:21:14,042 [INFO] PluginManager:220 - loadIPPluginJar : add dma
2025-08-12 21:21:14,046 [INFO] IPUIPlugin:80 - create IPUIPlugin
2025-08-12 21:21:14,047 [INFO] PluginManager:220 - loadIPPluginJar : add dma3
2025-08-12 21:21:14,053 [INFO] IPUIPlugin:80 - create IPUIPlugin
2025-08-12 21:21:14,053 [INFO] PluginManager:220 - loadIPPluginJar : add extmemmanager
2025-08-12 21:21:14,057 [INFO] IPUIPlugin:80 - create IPUIPlugin
2025-08-12 21:21:14,058 [INFO] PluginManager:220 - loadIPPluginJar : add fatfs
2025-08-12 21:21:14,063 [INFO] IPUIPlugin:80 - create IPUIPlugin
2025-08-12 21:21:14,064 [INFO] PluginManager:220 - loadIPPluginJar : add fmc
2025-08-12 21:21:14,077 [INFO] IPUIPlugin:80 - create IPUIPlugin
2025-08-12 21:21:14,078 [INFO] PluginManager:220 - loadIPPluginJar : add freertos
2025-08-12 21:21:14,081 [INFO] IPUIPlugin:80 - create IPUIPlugin
2025-08-12 21:21:14,081 [INFO] PluginManager:220 - loadIPPluginJar : add genericplugin
2025-08-12 21:21:14,091 [INFO] IPUIPlugin:80 - create IPUIPlugin
2025-08-12 21:21:14,091 [INFO] PluginManager:220 - loadIPPluginJar : add gfxmmu
2025-08-12 21:21:14,111 [INFO] IPUIPlugin:80 - create IPUIPlugin
2025-08-12 21:21:14,112 [INFO] PluginManager:220 - loadIPPluginJar : add gic
2025-08-12 21:21:14,121 [INFO] IPUIPlugin:80 - create IPUIPlugin
2025-08-12 21:21:14,121 [INFO] PluginManager:220 - loadIPPluginJar : add gpio
2025-08-12 21:21:14,128 [INFO] IPUIPlugin:80 - create IPUIPlugin
2025-08-12 21:21:14,128 [INFO] PluginManager:220 - loadIPPluginJar : add gtzc
2025-08-12 21:21:14,135 [INFO] IPUIPlugin:80 - create IPUIPlugin
2025-08-12 21:21:14,135 [INFO] PluginManager:220 - loadIPPluginJar : add hash
2025-08-12 21:21:14,143 [INFO] IPUIPlugin:80 - create IPUIPlugin
2025-08-12 21:21:14,143 [INFO] PluginManager:220 - loadIPPluginJar : add i2c
2025-08-12 21:21:14,148 [INFO] IPUIPlugin:80 - create IPUIPlugin
2025-08-12 21:21:14,148 [INFO] PluginManager:220 - loadIPPluginJar : add i2s
2025-08-12 21:21:14,157 [INFO] IPUIPlugin:80 - create IPUIPlugin
2025-08-12 21:21:14,157 [INFO] PluginManager:220 - loadIPPluginJar : add i3c
2025-08-12 21:21:14,171 [INFO] IPUIPlugin:80 - create IPUIPlugin
2025-08-12 21:21:14,171 [INFO] PluginManager:220 - loadIPPluginJar : add ipddr
2025-08-12 21:21:14,182 [INFO] IPUIPlugin:80 - create IPUIPlugin
2025-08-12 21:21:14,182 [INFO] PluginManager:220 - loadIPPluginJar : add linkedlist
2025-08-12 21:21:14,188 [INFO] IPUIPlugin:80 - create IPUIPlugin
2025-08-12 21:21:14,188 [INFO] PluginManager:220 - loadIPPluginJar : add lorawan
2025-08-12 21:21:14,192 [INFO] IPUIPlugin:80 - create IPUIPlugin
2025-08-12 21:21:14,193 [INFO] PluginManager:220 - loadIPPluginJar : add ltdc
2025-08-12 21:21:14,206 [INFO] IPUIPlugin:80 - create IPUIPlugin
2025-08-12 21:21:14,206 [INFO] PluginManager:220 - loadIPPluginJar : add mdma
2025-08-12 21:21:14,215 [INFO] IPUIPlugin:80 - create IPUIPlugin
2025-08-12 21:21:14,216 [INFO] PluginManager:220 - loadIPPluginJar : add nvic
2025-08-12 21:21:14,222 [INFO] IPUIPlugin:80 - create IPUIPlugin
2025-08-12 21:21:14,222 [INFO] PluginManager:220 - loadIPPluginJar : add opamp
2025-08-12 21:21:14,227 [INFO] IPUIPlugin:80 - create IPUIPlugin
2025-08-12 21:21:14,228 [INFO] PluginManager:220 - loadIPPluginJar : add openamp
2025-08-12 21:21:14,234 [INFO] IPUIPlugin:80 - create IPUIPlugin
2025-08-12 21:21:14,234 [INFO] PluginManager:220 - loadIPPluginJar : add pdm2pcm
2025-08-12 21:21:14,246 [INFO] IPUIPlugin:80 - create IPUIPlugin
2025-08-12 21:21:14,251 [INFO] PluginManager:220 - loadIPPluginJar : add plateformsettings
2025-08-12 21:21:14,256 [INFO] IPUIPlugin:80 - create IPUIPlugin
2025-08-12 21:21:14,257 [INFO] PluginManager:220 - loadIPPluginJar : add quadspi
2025-08-12 21:21:14,261 [INFO] IPUIPlugin:80 - create IPUIPlugin
2025-08-12 21:21:14,263 [INFO] PluginManager:220 - loadIPPluginJar : add radio
2025-08-12 21:21:14,272 [INFO] IPUIPlugin:80 - create IPUIPlugin
2025-08-12 21:21:14,273 [INFO] PluginManager:220 - loadIPPluginJar : add resmgrutility
2025-08-12 21:21:14,280 [INFO] IPUIPlugin:80 - create IPUIPlugin
2025-08-12 21:21:14,280 [INFO] PluginManager:220 - loadIPPluginJar : add sai
2025-08-12 21:21:14,289 [INFO] IPUIPlugin:80 - create IPUIPlugin
2025-08-12 21:21:14,289 [INFO] PluginManager:220 - loadIPPluginJar : add spi
2025-08-12 21:21:14,308 [INFO] IPUIPlugin:80 - create IPUIPlugin
2025-08-12 21:21:14,309 [INFO] PluginManager:220 - loadIPPluginJar : add stm32_wpan
2025-08-12 21:21:14,319 [INFO] IPUIPlugin:80 - create IPUIPlugin
2025-08-12 21:21:14,319 [INFO] PluginManager:220 - loadIPPluginJar : add tim
2025-08-12 21:21:14,331 [INFO] IPUIPlugin:80 - create IPUIPlugin
2025-08-12 21:21:14,332 [INFO] PluginManager:220 - loadIPPluginJar : add touchsensing
2025-08-12 21:21:14,339 [INFO] IPUIPlugin:80 - create IPUIPlugin
2025-08-12 21:21:14,339 [INFO] PluginManager:220 - loadIPPluginJar : add tracer_emb
2025-08-12 21:21:14,346 [INFO] IPUIPlugin:80 - create IPUIPlugin
2025-08-12 21:21:14,346 [INFO] PluginManager:220 - loadIPPluginJar : add ts
2025-08-12 21:21:14,353 [INFO] IPUIPlugin:80 - create IPUIPlugin
2025-08-12 21:21:14,353 [INFO] PluginManager:220 - loadIPPluginJar : add tsc
2025-08-12 21:21:14,361 [INFO] IPUIPlugin:80 - create IPUIPlugin
2025-08-12 21:21:14,361 [INFO] PluginManager:220 - loadIPPluginJar : add ucpd
2025-08-12 21:21:14,371 [INFO] IPUIPlugin:80 - create IPUIPlugin
2025-08-12 21:21:14,371 [INFO] PluginManager:220 - loadIPPluginJar : add usart
2025-08-12 21:21:14,379 [INFO] IPUIPlugin:80 - create IPUIPlugin
2025-08-12 21:21:14,381 [INFO] PluginManager:220 - loadIPPluginJar : add usbx
2025-08-12 21:21:14,590 [FATAL] Updater:351 - Updater called before beeing initialized
2025-08-12 21:21:14,632 [INFO] RulesReader:64 - Compatibility file has been processed (302 Rules)
2025-08-12 21:21:14,648 [INFO] RulesReader:64 - Compatibility file has been processed (302 Rules)
2025-08-12 21:21:14,660 [INFO] CADModel:165 - CPN selected for project level
2025-08-12 21:21:14,661 [INFO] CADModel:114 - Register for checkConnection events
2025-08-12 21:21:14,661 [FATAL] Updater:351 - Updater called before beeing initialized
2025-08-12 21:21:14,662 [ERROR] CADModel:125 - Updater not yet initialized, retry later 
2025-08-12 21:21:14,914 [FATAL] Updater:351 - Updater called before beeing initialized
2025-08-12 21:21:14,917 [INFO] CADModel:165 - CPN selected for project level
2025-08-12 21:21:14,917 [INFO] CADModel:114 - Register for checkConnection events
2025-08-12 21:21:14,917 [FATAL] Updater:351 - Updater called before beeing initialized
2025-08-12 21:21:14,917 [ERROR] CADModel:125 - Updater not yet initialized, retry later 
2025-08-12 21:21:14,921 [FATAL] Updater:351 - Updater called before beeing initialized
2025-08-12 21:21:15,113 [FATAL] Updater:351 - Updater called before beeing initialized
2025-08-12 21:21:15,119 [INFO] DbMcusAds:53 - JSON generation date=Tue Jul 08 11:14:23 TRT 2025 (1751962463582)
2025-08-12 21:21:15,121 [FATAL] Updater:351 - Updater called before beeing initialized
2025-08-12 21:21:15,232 [WARN] DetailPanel:346 - Failed to get advertising image, set to default
2025-08-12 21:21:15,549 [FATAL] Updater:351 - Updater called before beeing initialized
2025-08-12 21:21:15,551 [FATAL] Updater:351 - Updater called before beeing initialized
2025-08-12 21:21:15,551 [FATAL] Updater:351 - Updater called before beeing initialized
2025-08-12 21:21:15,551 [WARN] DetailPanel:346 - Failed to get advertising image, set to default
2025-08-12 21:21:15,553 [FATAL] Updater:351 - Updater called before beeing initialized
2025-08-12 21:21:15,616 [ERROR] Updater:1198 - MainUpdater not yet initialized. External WinMGr cannot be set.
2025-08-12 21:21:15,621 [INFO] Updater:1134 - Updater Version found : 6.14.1
2025-08-12 21:21:15,645 [INFO] ApplicationProperties:184 - Using Application install path: C:\Users\Oguzm\Downloads\STM32CubeIDE_1.18.1\STM32CubeIDE\plugins\com.st.stm32cube.common.mx_6.14.1.202504091515
2025-08-12 21:21:15,947 [INFO] ThirdPartyUpdaterWithRetryManager:70 - Updater plugin not ready yet. [2/15]
2025-08-12 21:21:17,229 [ERROR] LogOutputStream:75 - [STDERR_REDIRECT] Aug 12, 2025 9:21:17 PM java.util.prefs.WindowsPreferences <init>
2025-08-12 21:21:17,232 [ERROR] LogOutputStream:75 - [STDERR_REDIRECT] WARNING: Could not open/create prefs root node Software\JavaSoft\Prefs at root 0xffffffff80000002. Windows RegCreateKeyEx(...) returned error code 5.
2025-08-12 21:21:17,232 [ERROR] LogOutputStream:75 - [STDERR_REDIRECT] 
2025-08-12 21:21:17,801 [INFO] MainUpdater:2872 - connection check result : 10
2025-08-12 21:21:17,803 [INFO] MainUpdater:289 - Updater Check For Update Now.
2025-08-12 21:21:17,803 [INFO] MicroXplorer:498 - Change Database Version : DB.6.0.141
2025-08-12 21:21:17,812 [INFO] McuFinderGlobals:63 - Set McuFinder mode to 2 (CubeIDE integrated)
2025-08-12 21:21:17,815 [INFO] UserAuth:484 - Internet connection configuration mode: 1
2025-08-12 21:21:17,841 [INFO] JxBrowserEngine:152 - Initiate JxBrowser Engine with user profile folder
2025-08-12 21:21:18,004 [INFO] CheckServerUpdateThread:120 - End of CheckServer Thread
2025-08-12 21:21:19,254 [WARN] PackLoader:240 - Cannot read IP mode file for STMicroelectronics.FP-SNS-MOTENVWB1.1.4.0
2025-08-12 21:21:19,266 [WARN] PackLoader:240 - Cannot read IP mode file for STMicroelectronics.FP-ATR-ASTRA1.2.0.2
2025-08-12 21:21:19,277 [WARN] PackLoader:240 - Cannot read IP mode file for STMicroelectronics.X-CUBE-SMBUS.2.1.0
2025-08-12 21:21:19,283 [WARN] PackLoader:240 - Cannot read IP mode file for STMicroelectronics.X-CUBE-ST60.1.0.0
2025-08-12 21:21:19,359 [WARN] PackLoader:240 - Cannot read IP mode file for STMicroelectronics.X-CUBE-AZRTOS-F7.1.1.0
2025-08-12 21:21:19,427 [WARN] PackLoader:240 - Cannot read IP mode file for Infineon.AIROC-Wi-Fi-Bluetooth-STM32.1.7.0
2025-08-12 21:21:19,549 [WARN] PackLoader:240 - Cannot read IP mode file for STMicroelectronics.X-CUBE-AZRTOS-H7.3.4.0
2025-08-12 21:21:19,561 [WARN] PackLoader:240 - Cannot read IP mode file for STMicroelectronics.X-CUBE-DISPLAY.3.0.0
2025-08-12 21:21:19,574 [WARN] PackLoader:240 - Cannot read IP mode file for STMicroelectronics.X-CUBE-NFC10.1.0.0
2025-08-12 21:21:19,585 [WARN] PackLoader:240 - Cannot read IP mode file for STMicroelectronics.X-CUBE-BLEMGR.4.0.0
2025-08-12 21:21:19,598 [WARN] PackLoader:240 - Cannot read IP mode file for emotas.I-CUBE-CANOPEN.1.3.0
2025-08-12 21:21:19,606 [WARN] ConditionMgr:438 - getConditionDescription Invalid condition id : Cortex-A Device cause : null
2025-08-12 21:21:19,624 [WARN] ConditionMgr:1044 - genDependencies : Invalid condition id : Cortex-A Device cause : null
2025-08-12 21:21:19,625 [WARN] ConditionMgr:1044 - genDependencies : Invalid condition id : Cortex-A Device cause : null
2025-08-12 21:21:19,625 [WARN] ConditionMgr:1044 - genDependencies : Invalid condition id : Cortex-A Device cause : null
2025-08-12 21:21:19,631 [ERROR] Engine:466 - C:\Users\Oguzm\.stm32cubemx\thirdparties\pdsc\STMicroelectronics.FP-SNS-STBOX1.2.1.0.pdsc: PDSC version is not supported
2025-08-12 21:21:19,638 [WARN] PackLoader:240 - Cannot read IP mode file for STMicroelectronics.FP-SNS-SMARTAG2.1.2.0
2025-08-12 21:21:19,644 [WARN] PackLoader:240 - Cannot read IP mode file for STMicroelectronics.FP-SNS-FLIGHT1.5.1.0
2025-08-12 21:21:19,655 [INFO] LogOutputStream:77 - [STDOUT_REDIRECT] 1 : Invalid condition id : UX_CORESTACK_Condition cause : null
2025-08-12 21:21:19,656 [INFO] LogOutputStream:77 - [STDOUT_REDIRECT] 1 : Invalid condition id : UX_CORESTACK_Condition cause : null
2025-08-12 21:21:19,657 [INFO] LogOutputStream:77 - [STDOUT_REDIRECT] 1 : Invalid condition id : UX_CORESTACK_Condition cause : null
2025-08-12 21:21:19,658 [INFO] LogOutputStream:77 - [STDOUT_REDIRECT] 1 : Invalid condition id : UX_CORESTACK_Condition cause : null
2025-08-12 21:21:19,659 [INFO] LogOutputStream:77 - [STDOUT_REDIRECT] 1 : Invalid condition id : UX_CORESTACK_Condition cause : null
2025-08-12 21:21:19,662 [WARN] PackLoader:240 - Cannot read IP mode file for STMicroelectronics.X-CUBE-AZRTOS-WL.2.0.0
2025-08-12 21:21:19,670 [WARN] PackLoader:240 - Cannot read IP mode file for STMicroelectronics.FP-SNS-MOTENV1.5.0.0
2025-08-12 21:21:19,683 [WARN] PackLoader:240 - Cannot read IP mode file for WES.I-CUBE-Cesium.1.3.0
2025-08-12 21:21:19,691 [WARN] PackLoader:240 - Cannot read IP mode file for STMicroelectronics.X-CUBE-BLE2.3.3.0
2025-08-12 21:21:19,700 [WARN] PackLoader:240 - Cannot read IP mode file for STMicroelectronics.X-CUBE-NFC9.1.0.0
2025-08-12 21:21:19,710 [WARN] PackLoader:240 - Cannot read IP mode file for wolfSSL.I-CUBE-wolfSSL.5.8.0
2025-08-12 21:21:19,717 [WARN] PackLoader:240 - Cannot read IP mode file for STMicroelectronics.X-CUBE-BLE1.7.1.0
2025-08-12 21:21:19,722 [WARN] PackLoader:240 - Cannot read IP mode file for wolfSSL.I-CUBE-wolfMQTT.1.19.2
2025-08-12 21:21:19,731 [WARN] PackLoader:240 - Cannot read IP mode file for STMicroelectronics.X-CUBE-EEPRMA1.5.2.0
2025-08-12 21:21:19,738 [WARN] PackLoader:240 - Cannot read IP mode file for STMicroelectronics.X-CUBE-AI.10.1.0
2025-08-12 21:21:19,804 [WARN] PackLoader:240 - Cannot read IP mode file for STMicroelectronics.X-CUBE-MEMS1.11.2.0
2025-08-12 21:21:19,967 [WARN] PackLoader:240 - Cannot read IP mode file for STMicroelectronics.X-CUBE-AZRTOS-G0.1.1.0
2025-08-12 21:21:19,980 [WARN] PackLoader:240 - Cannot read IP mode file for STMicroelectronics.X-CUBE-SAFEA1.1.2.2
2025-08-12 21:21:19,991 [WARN] PackLoader:240 - Cannot read IP mode file for STMicroelectronics.X-CUBE-NFC4.3.0.0
2025-08-12 21:21:20,012 [WARN] PackLoader:240 - Cannot read IP mode file for EmbeddedOffice.I-CUBE-FS-RTOS.1.0.1
2025-08-12 21:21:20,025 [WARN] PackLoader:240 - Cannot read IP mode file for STMicroelectronics.X-CUBE-WB05N.2.0.0
2025-08-12 21:21:20,033 [WARN] PackLoader:240 - Cannot read IP mode file for wolfSSL.I-CUBE-wolfTPM.3.8.0
2025-08-12 21:21:20,044 [WARN] PackLoader:240 - Cannot read IP mode file for STMicroelectronics.X-CUBE-TCPP.4.2.0
2025-08-12 21:21:20,053 [WARN] PackLoader:240 - Cannot read IP mode file for RealThread.X-CUBE-RT-Thread_Nano.4.1.1
2025-08-12 21:21:20,060 [WARN] PackLoader:240 - Cannot read IP mode file for STMicroelectronics.FP-ATR-SIGFOX1.3.2.0
2025-08-12 21:21:20,071 [WARN] PackLoader:240 - Cannot read IP mode file for STMicroelectronics.X-CUBE-EEPRMA1.5.1.0
2025-08-12 21:21:20,085 [WARN] PackLoader:240 - Cannot read IP mode file for ITTIA_DB.I-CUBE-ITTIADB.8.9.0
2025-08-12 21:21:20,095 [WARN] PackLoader:240 - Cannot read IP mode file for STMicroelectronics.X-CUBE-ST67W61.1.0.0
2025-08-12 21:21:20,101 [WARN] PackLoader:240 - Cannot read IP mode file for STMicroelectronics.X-CUBE-AI.10.2.0
2025-08-12 21:21:20,244 [WARN] PackLoader:240 - Cannot read IP mode file for SEGGER.I-CUBE-embOS.1.3.1
2025-08-12 21:21:20,293 [WARN] PackLoader:240 - Cannot read IP mode file for STMicroelectronics.X-CUBE-ALGOBUILD.1.4.0
2025-08-12 21:21:20,349 [WARN] PackLoader:240 - Cannot read IP mode file for STMicroelectronics.X-CUBE-MEMS1.11.3.0
2025-08-12 21:21:20,502 [WARN] PackLoader:240 - Cannot read IP mode file for STMicroelectronics.X-CUBE-PM33A1.1.0.0
2025-08-12 21:21:20,517 [WARN] PackLoader:240 - Cannot read IP mode file for STMicroelectronics.X-CUBE-AZRTOS-F4.1.1.0
2025-08-12 21:21:20,524 [WARN] PackLoader:240 - Cannot read IP mode file for Avnet-IotConnect.X-CUBE-IoTC-DA16k-PMOD.1.0.0
2025-08-12 21:21:20,530 [WARN] PackLoader:240 - Cannot read IP mode file for STMicroelectronics.X-CUBE-ISPU.2.1.0
2025-08-12 21:21:20,538 [WARN] PackLoader:240 - Cannot read IP mode file for STMicroelectronics.X-CUBE-NFC12.1.0.0
2025-08-12 21:21:20,543 [INFO] WebApp:169 - Instantiating new browser for Auth
2025-08-12 21:21:20,557 [WARN] PackLoader:240 - Cannot read IP mode file for STMicroelectronics.X-CUBE-AZRTOS-L5.2.0.0
2025-08-12 21:21:20,578 [WARN] PackLoader:240 - Cannot read IP mode file for STMicroelectronics.X-CUBE-NFC6.3.1.0
2025-08-12 21:21:20,591 [WARN] PackLoader:240 - Cannot read IP mode file for STMicroelectronics.X-CUBE-FREERTOS.1.3.1
2025-08-12 21:21:20,602 [WARN] PackLoader:240 - Cannot read IP mode file for STMicroelectronics.FP-SNS-STAIOTCFT.1.0.0
2025-08-12 21:21:20,614 [WARN] PackLoader:240 - Cannot read IP mode file for STMicroelectronics.X-CUBE-DPower.1.3.0
2025-08-12 21:21:20,657 [WARN] ConditionMgr:438 - getConditionDescription Invalid condition id : LAN8742 Phy interface Condition cause : null
2025-08-12 21:21:20,658 [WARN] PackLoader:240 - Cannot read IP mode file for STMicroelectronics.X-CUBE-AZRTOS-L4.2.0.0
2025-08-12 21:21:20,661 [WARN] ConditionMgr:1044 - genDependencies : Invalid condition id : LAN8742 Phy interface Condition cause : null
2025-08-12 21:21:20,661 [WARN] ConditionMgr:1044 - genDependencies : Invalid condition id : LAN8742 Phy interface Condition cause : null
2025-08-12 21:21:20,661 [WARN] ConditionMgr:1044 - genDependencies : Invalid condition id : LAN8742 Phy interface Condition cause : null
2025-08-12 21:21:20,676 [WARN] PackLoader:240 - Cannot read IP mode file for STMicroelectronics.X-CUBE-SFXS2LP1.4.0.0
2025-08-12 21:21:20,704 [WARN] PackLoader:240 - Cannot read IP mode file for STMicroelectronics.X-CUBE-AZRTOS-H7.3.3.0
2025-08-12 21:21:20,719 [WARN] PackLoader:240 - Cannot read IP mode file for STMicroelectronics.X-CUBE-BLEMGR.4.1.0
2025-08-12 21:21:20,734 [WARN] ConditionMgr:438 - getConditionDescription Invalid condition id : UX DEVICE CLASS RTOS Condition cause : null
2025-08-12 21:21:20,734 [WARN] ConditionMgr:438 - getConditionDescription Invalid condition id : UX DEVICE CLASS RTOS Condition cause : null
2025-08-12 21:21:20,736 [WARN] PackLoader:240 - Cannot read IP mode file for STMicroelectronics.X-CUBE-AZRTOS-WB.2.0.0
2025-08-12 21:21:20,737 [WARN] ConditionMgr:1044 - genDependencies : Invalid condition id : UX DEVICE CLASS RTOS Condition cause : null
2025-08-12 21:21:20,737 [WARN] ConditionMgr:1044 - genDependencies : Invalid condition id : UX DEVICE CLASS RTOS Condition cause : null
2025-08-12 21:21:20,737 [WARN] ConditionMgr:1044 - genDependencies : Invalid condition id : UX DEVICE CLASS RTOS Condition cause : null
2025-08-12 21:21:20,737 [WARN] ConditionMgr:1044 - genDependencies : Invalid condition id : UX DEVICE CLASS RTOS Condition cause : null
2025-08-12 21:21:20,738 [WARN] ConditionMgr:1044 - genDependencies : Invalid condition id : UX DEVICE CLASS RTOS Condition cause : null
2025-08-12 21:21:20,746 [WARN] PackLoader:240 - Cannot read IP mode file for STMicroelectronics.X-CUBE-GNSS1.7.0.1
2025-08-12 21:21:20,754 [WARN] PackLoader:240 - Cannot read IP mode file for STMicroelectronics.X-CUBE-TOUCHGFX.4.25.0
2025-08-12 21:21:20,916 [WARN] PackLoader:240 - Cannot read IP mode file for STMicroelectronics.FP-SNS-STBOX1.2.0.0
2025-08-12 21:21:20,934 [WARN] PackLoader:240 - Cannot read IP mode file for STMicroelectronics.X-CUBE-SUBG2.5.0.0
2025-08-12 21:21:20,963 [WARN] PackLoader:240 - Cannot read IP mode file for STMicroelectronics.X-CUBE-AZRTOS-H7RS.1.1.0
2025-08-12 21:21:20,973 [WARN] PackLoader:240 - Cannot read IP mode file for Cesanta.I-CUBE-Mongoose.7.13.0
2025-08-12 21:21:20,989 [WARN] PackLoader:240 - Cannot read IP mode file for STMicroelectronics.X-CUBE-AZRTOS-G4.2.0.0
2025-08-12 21:21:21,001 [WARN] PackLoader:240 - Cannot read IP mode file for wolfSSL.I-CUBE-wolfSSH.1.4.20
2025-08-12 21:21:21,010 [WARN] PackLoader:240 - Cannot read IP mode file for STMicroelectronics.X-CUBE-NFC7.2.0.0
2025-08-12 21:21:21,033 [WARN] PackLoader:240 - Cannot read IP mode file for STMicroelectronics.X-CUBE-IPS.3.1.0
2025-08-12 21:21:21,051 [WARN] PackLoader:240 - Cannot read IP mode file for STMicroelectronics.X-CUBE-ALS.1.0.2
2025-08-12 21:21:21,062 [WARN] PackLoader:240 - Cannot read IP mode file for portGmbH.I-Cube-SoM-uGOAL.1.1.0
2025-08-12 21:21:21,076 [WARN] PackLoader:240 - Cannot read IP mode file for STMicroelectronics.X-CUBE-TOF1.3.4.3
2025-08-12 21:21:21,090 [INFO] ThirdParty:978 - Integrity check success = true
2025-08-12 21:21:21,090 [INFO] IntegrityCheckThread:100 - exiting critical section [integrity check]
2025-08-12 21:21:21,090 [INFO] IntegrityCheckThread:103 - End integrity checks thread
2025-08-12 21:21:22,392 [INFO] WebApp:463 - Apply proxy settings
2025-08-12 21:21:22,393 [INFO] WebApp:548 - Chromium requires no authentication
2025-08-12 21:21:22,406 [INFO] WebApp:491 - Direct internet connection detected
2025-08-12 21:21:22,440 [INFO] WebApp:894 - Register for checkConnection events
2025-08-12 21:21:22,440 [INFO] WebApp:463 - Apply proxy settings
2025-08-12 21:21:22,440 [INFO] WebApp:548 - Chromium requires no authentication
2025-08-12 21:21:22,441 [INFO] WebApp:491 - Direct internet connection detected
2025-08-12 21:21:22,675 [INFO] WebApp:225 - Starting web application
2025-08-12 21:21:22,675 [INFO] WebApp:593 - Web application path used C:\Users\Oguzm\Downloads\STM32CubeIDE_1.18.1\STM32CubeIDE\plugins\com.st.stm32cube.common.mx_6.14.1.202504091515\db\plugins\mcufinder\reactClient1\index.html
2025-08-12 21:21:23,101 [INFO] WebApp:191 - Connection restablished
2025-08-12 21:21:23,196 [INFO] UserAuth:484 - Internet connection configuration mode: 1
2025-08-12 21:41:53,784 [INFO] WebApp:194 - Connection lost
2025-08-12 21:41:54,297 [INFO] WebApp:191 - Connection restablished
2025-08-12 21:42:37,538 [INFO] WebApp:194 - Connection lost
2025-08-12 21:42:37,786 [INFO] WebApp:191 - Connection restablished
2025-08-12 22:13:33,558 [INFO] WebApp:194 - Connection lost
2025-08-12 22:13:33,896 [INFO] WebApp:191 - Connection restablished
2025-08-12 22:31:11,155 [INFO] WebApp:194 - Connection lost
2025-08-12 22:31:11,536 [INFO] WebApp:191 - Connection restablished
2025-08-12 22:53:00,818 [ERROR] LogOutputStream:75 - [STDERR_REDIRECT] 
2025-08-12 22:53:00,821 [ERROR] LogOutputStream:75 - [STDERR_REDIRECT] 
