22:32:04 **** Incremental Build of configuration Debug for project TimerAddition ****
make -j8 all 
arm-none-eabi-size  TimerAddition.elf 
   text	   data	    bss	    dec	    hex	filename
  47108	      0	  18784	  65892	  10164	TimerAddition.elf
Finished building: default.size.stdout
 
22:32:13 **** Incremental Build of configuration Debug for project TimerAddition ****
make -j8 all 
arm-none-eabi-size  TimerAddition.elf 
   text	   data	    bss	    dec	    hex	filename
  47108	      0	  18784	  65892	  10164	TimerAddition.elf
Finished building: default.size.stdout
 
22:33:19 **** Incremental Build of configuration Debug for project TimerAddition ****
make -j8 all 
arm-none-eabi-size  TimerAddition.elf 
   text	   data	    bss	    dec	    hex	filename
  47108	      0	  18784	  65892	  10164	TimerAddition.elf
Finished building: default.size.stdout
 
09:09:57 **** Incremental Build of configuration Debug for project TimerAddition ****
make -j8 all 
arm-none-eabi-size  TimerAddition.elf 
   text	   data	    bss	    dec	    hex	filename
  47108	      0	  18784	  65892	  10164	TimerAddition.elf
Finished building: default.size.stdout
 
09:18:30 **** Incremental Build of configuration Debug for project TimerAddition ****
make -j8 all 
arm-none-eabi-gcc "../Core/Src/main.c" -mcpu=cortex-m0plus -std=gnu11 -g3 -DDEBUG -DUSE_HAL_DRIVER -DSTM32G071xx -c -I../Core/Inc -I../Drivers/STM32G0xx_HAL_Driver/Inc -I../Drivers/STM32G0xx_HAL_Driver/Inc/Legacy -I../Drivers/CMSIS/Device/ST/STM32G0xx/Include -I../Drivers/CMSIS/Include -O0 -ffunction-sections -fdata-sections -Wall -fstack-usage -fcyclomatic-complexity -MMD -MP -MF"Core/Src/main.d" -MT"Core/Src/main.o" --specs=nano.specs -mfloat-abi=soft -mthumb -o "Core/Src/main.o"
arm-none-eabi-gcc -o "TimerAddition.elf" @"objects.list"   -mcpu=cortex-m0plus -T"C:\Users\Oguzm\STM32CubeIDE\TEI_Projects\TimerAddition\STM32G071RBTX_FLASH.ld" --specs=nosys.specs -Wl,-Map="TimerAddition.map" -Wl,--gc-sections -static --specs=nano.specs -mfloat-abi=soft -mthumb -u _printf_float -Wl,--start-group -lc -lm -Wl,--end-group
C:/Users/Oguzm/Downloads/STM32CubeIDE_1.18.1/STM32CubeIDE/plugins/com.st.stm32cube.ide.mcu.externaltools.gnu-tools-for-stm32.13.3.rel1.win32_1.0.0.202411081344/tools/bin/../lib/gcc/arm-none-eabi/13.3.1/../../../../arm-none-eabi/bin/ld.exe: warning: TimerAddition.elf has a LOAD segment with RWX permissions
Finished building target: TimerAddition.elf
 
arm-none-eabi-size  TimerAddition.elf 
arm-none-eabi-objdump -h -S TimerAddition.elf  > "TimerAddition.list"
   text	   data	    bss	    dec	    hex	filename
  47092	      0	  18784	  65876	  10154	TimerAddition.elf
Finished building: default.size.stdout
 
Finished building: TimerAddition.list
 
09:22:49 **** Incremental Build of configuration Debug for project TimerAddition ****
make -j8 all 
arm-none-eabi-gcc "../Core/Src/main.c" -mcpu=cortex-m0plus -std=gnu11 -g3 -DDEBUG -DUSE_HAL_DRIVER -DSTM32G071xx -c -I../Core/Inc -I../Drivers/STM32G0xx_HAL_Driver/Inc -I../Drivers/STM32G0xx_HAL_Driver/Inc/Legacy -I../Drivers/CMSIS/Device/ST/STM32G0xx/Include -I../Drivers/CMSIS/Include -O0 -ffunction-sections -fdata-sections -Wall -fstack-usage -fcyclomatic-complexity -MMD -MP -MF"Core/Src/main.d" -MT"Core/Src/main.o" --specs=nano.specs -mfloat-abi=soft -mthumb -o "Core/Src/main.o"
arm-none-eabi-gcc -o "TimerAddition.elf" @"objects.list"   -mcpu=cortex-m0plus -T"C:\Users\Oguzm\STM32CubeIDE\TEI_Projects\TimerAddition\STM32G071RBTX_FLASH.ld" --specs=nosys.specs -Wl,-Map="TimerAddition.map" -Wl,--gc-sections -static --specs=nano.specs -mfloat-abi=soft -mthumb -u _printf_float -Wl,--start-group -lc -lm -Wl,--end-group
C:/Users/Oguzm/Downloads/STM32CubeIDE_1.18.1/STM32CubeIDE/plugins/com.st.stm32cube.ide.mcu.externaltools.gnu-tools-for-stm32.13.3.rel1.win32_1.0.0.202411081344/tools/bin/../lib/gcc/arm-none-eabi/13.3.1/../../../../arm-none-eabi/bin/ld.exe: warning: TimerAddition.elf has a LOAD segment with RWX permissions
Finished building target: TimerAddition.elf
 
arm-none-eabi-size  TimerAddition.elf 
arm-none-eabi-objdump -h -S TimerAddition.elf  > "TimerAddition.list"
   text	   data	    bss	    dec	    hex	filename
  47116	      0	  18784	  65900	  1016c	TimerAddition.elf
Finished building: default.size.stdout
 
Finished building: TimerAddition.list
 
09:26:33 **** Incremental Build of configuration Debug for project TimerAddition ****
make -j8 all 
arm-none-eabi-size  TimerAddition.elf 
   text	   data	    bss	    dec	    hex	filename
  47116	      0	  18784	  65900	  1016c	TimerAddition.elf
Finished building: default.size.stdout
 
09:34:04 **** Incremental Build of configuration Debug for project TimerAddition ****
make -j8 all 
arm-none-eabi-gcc "../Core/Src/main.c" -mcpu=cortex-m0plus -std=gnu11 -g3 -DDEBUG -DUSE_HAL_DRIVER -DSTM32G071xx -c -I../Core/Inc -I../Drivers/STM32G0xx_HAL_Driver/Inc -I../Drivers/STM32G0xx_HAL_Driver/Inc/Legacy -I../Drivers/CMSIS/Device/ST/STM32G0xx/Include -I../Drivers/CMSIS/Include -O0 -ffunction-sections -fdata-sections -Wall -fstack-usage -fcyclomatic-complexity -MMD -MP -MF"Core/Src/main.d" -MT"Core/Src/main.o" --specs=nano.specs -mfloat-abi=soft -mthumb -o "Core/Src/main.o"
arm-none-eabi-gcc -o "TimerAddition.elf" @"objects.list"   -mcpu=cortex-m0plus -T"C:\Users\Oguzm\STM32CubeIDE\TEI_Projects\TimerAddition\STM32G071RBTX_FLASH.ld" --specs=nosys.specs -Wl,-Map="TimerAddition.map" -Wl,--gc-sections -static --specs=nano.specs -mfloat-abi=soft -mthumb -u _printf_float -Wl,--start-group -lc -lm -Wl,--end-group
C:/Users/Oguzm/Downloads/STM32CubeIDE_1.18.1/STM32CubeIDE/plugins/com.st.stm32cube.ide.mcu.externaltools.gnu-tools-for-stm32.13.3.rel1.win32_1.0.0.202411081344/tools/bin/../lib/gcc/arm-none-eabi/13.3.1/../../../../arm-none-eabi/bin/ld.exe: warning: TimerAddition.elf has a LOAD segment with RWX permissions
Finished building target: TimerAddition.elf
 
arm-none-eabi-size  TimerAddition.elf 
arm-none-eabi-objdump -h -S TimerAddition.elf  > "TimerAddition.list"
   text	   data	    bss	    dec	    hex	filename
  47116	      0	  18784	  65900	  1016c	TimerAddition.elf
Finished building: default.size.stdout
 
Finished building: TimerAddition.list
 
09:41:28 **** Incremental Build of configuration Debug for project TimerAddition ****
make -j8 all 
arm-none-eabi-gcc "../Core/Src/main.c" -mcpu=cortex-m0plus -std=gnu11 -g3 -DDEBUG -DUSE_HAL_DRIVER -DSTM32G071xx -c -I../Core/Inc -I../Drivers/STM32G0xx_HAL_Driver/Inc -I../Drivers/STM32G0xx_HAL_Driver/Inc/Legacy -I../Drivers/CMSIS/Device/ST/STM32G0xx/Include -I../Drivers/CMSIS/Include -O0 -ffunction-sections -fdata-sections -Wall -fstack-usage -fcyclomatic-complexity -MMD -MP -MF"Core/Src/main.d" -MT"Core/Src/main.o" --specs=nano.specs -mfloat-abi=soft -mthumb -o "Core/Src/main.o"
arm-none-eabi-gcc -o "TimerAddition.elf" @"objects.list"   -mcpu=cortex-m0plus -T"C:\Users\Oguzm\STM32CubeIDE\TEI_Projects\TimerAddition\STM32G071RBTX_FLASH.ld" --specs=nosys.specs -Wl,-Map="TimerAddition.map" -Wl,--gc-sections -static --specs=nano.specs -mfloat-abi=soft -mthumb -u _printf_float -Wl,--start-group -lc -lm -Wl,--end-group
C:/Users/Oguzm/Downloads/STM32CubeIDE_1.18.1/STM32CubeIDE/plugins/com.st.stm32cube.ide.mcu.externaltools.gnu-tools-for-stm32.13.3.rel1.win32_1.0.0.202411081344/tools/bin/../lib/gcc/arm-none-eabi/13.3.1/../../../../arm-none-eabi/bin/ld.exe: warning: TimerAddition.elf has a LOAD segment with RWX permissions
Finished building target: TimerAddition.elf
 
arm-none-eabi-size  TimerAddition.elf 
arm-none-eabi-objdump -h -S TimerAddition.elf  > "TimerAddition.list"
   text	   data	    bss	    dec	    hex	filename
  47116	      0	  18784	  65900	  1016c	TimerAddition.elf
Finished building: default.size.stdout
 
Finished building: TimerAddition.list
 
09:49:44 **** Incremental Build of configuration Debug for project TimerAddition ****
make -j8 all 
arm-none-eabi-size  TimerAddition.elf 
   text	   data	    bss	    dec	    hex	filename
  47116	      0	  18784	  65900	  1016c	TimerAddition.elf
Finished building: default.size.stdout
 
09:55:46 **** Incremental Build of configuration Debug for project TimerAddition ****
make -j8 all 
arm-none-eabi-gcc "../Core/Src/main.c" -mcpu=cortex-m0plus -std=gnu11 -g3 -DDEBUG -DUSE_HAL_DRIVER -DSTM32G071xx -c -I../Core/Inc -I../Drivers/STM32G0xx_HAL_Driver/Inc -I../Drivers/STM32G0xx_HAL_Driver/Inc/Legacy -I../Drivers/CMSIS/Device/ST/STM32G0xx/Include -I../Drivers/CMSIS/Include -O0 -ffunction-sections -fdata-sections -Wall -fstack-usage -fcyclomatic-complexity -MMD -MP -MF"Core/Src/main.d" -MT"Core/Src/main.o" --specs=nano.specs -mfloat-abi=soft -mthumb -o "Core/Src/main.o"
arm-none-eabi-gcc -o "TimerAddition.elf" @"objects.list"   -mcpu=cortex-m0plus -T"C:\Users\Oguzm\STM32CubeIDE\TEI_Projects\TimerAddition\STM32G071RBTX_FLASH.ld" --specs=nosys.specs -Wl,-Map="TimerAddition.map" -Wl,--gc-sections -static --specs=nano.specs -mfloat-abi=soft -mthumb -u _printf_float -Wl,--start-group -lc -lm -Wl,--end-group
C:/Users/Oguzm/Downloads/STM32CubeIDE_1.18.1/STM32CubeIDE/plugins/com.st.stm32cube.ide.mcu.externaltools.gnu-tools-for-stm32.13.3.rel1.win32_1.0.0.202411081344/tools/bin/../lib/gcc/arm-none-eabi/13.3.1/../../../../arm-none-eabi/bin/ld.exe: warning: TimerAddition.elf has a LOAD segment with RWX permissions
Finished building target: TimerAddition.elf
 
arm-none-eabi-size  TimerAddition.elf 
arm-none-eabi-objdump -h -S TimerAddition.elf  > "TimerAddition.list"
   text	   data	    bss	    dec	    hex	filename
  47116	      0	  18784	  65900	  1016c	TimerAddition.elf
Finished building: default.size.stdout
 
Finished building: TimerAddition.list
 
