17:00:42 **** Incremental Build of configuration Debug for project MPU6050_Try ****
make -j8 all 
arm-none-eabi-gcc "../Core/Src/main.c" -mcpu=cortex-m0plus -std=gnu11 -g3 -DDEBUG -DUSE_HAL_DRIVER -DSTM32G071xx -c -I../Core/Inc -I../Drivers/STM32G0xx_HAL_Driver/Inc -I../Drivers/STM32G0xx_HAL_Driver/Inc/Legacy -I../Drivers/CMSIS/Device/ST/STM32G0xx/Include -I../Drivers/CMSIS/Include -O0 -ffunction-sections -fdata-sections -Wall -fstack-usage -fcyclomatic-complexity -MMD -MP -MF"Core/Src/main.d" -MT"Core/Src/main.o" --specs=nano.specs -mfloat-abi=soft -mthumb -o "Core/Src/main.o"
arm-none-eabi-gcc -o "MPU6050_Try.elf" @"objects.list"   -mcpu=cortex-m0plus -T"C:\Users\Oguzm\STM32CubeIDE\TEI_Projects\tei\MPU6050_Try\STM32G071RBTX_FLASH.ld" --specs=nosys.specs -Wl,-Map="MPU6050_Try.map" -Wl,--gc-sections -static --specs=nano.specs -mfloat-abi=soft -mthumb -Wl,--start-group -lc -lm -Wl,--end-group
Finished building target: MPU6050_Try.elf
 
arm-none-eabi-size  MPU6050_Try.elf 
arm-none-eabi-objdump -h -S MPU6050_Try.elf  > "MPU6050_Try.list"
   text	   data	    bss	    dec	    hex	filename
  15936	    104	   2136	  18176	   4700	MPU6050_Try.elf
Finished building: default.size.stdout
 
Finished building: MPU6050_Try.list
 
17:00:58 **** Incremental Build of configuration Debug for project MPU6050_Try ****
make -j8 all 
arm-none-eabi-size  MPU6050_Try.elf 
   text	   data	    bss	    dec	    hex	filename
  15936	    104	   2136	  18176	   4700	MPU6050_Try.elf
Finished building: default.size.stdout
 
17:03:26 **** Incremental Build of configuration Debug for project MPU6050_Try ****
make -j8 all 
arm-none-eabi-size  MPU6050_Try.elf 
   text	   data	    bss	    dec	    hex	filename
  15936	    104	   2136	  18176	   4700	MPU6050_Try.elf
Finished building: default.size.stdout
 
17:11:12 **** Incremental Build of configuration Debug for project MPU6050_Try ****
make -j8 all 
arm-none-eabi-size  MPU6050_Try.elf 
   text	   data	    bss	    dec	    hex	filename
  15936	    104	   2136	  18176	   4700	MPU6050_Try.elf
Finished building: default.size.stdout
 
17:11:30 **** Incremental Build of configuration Debug for project MPU6050_Try ****
make -j8 all 
arm-none-eabi-size  MPU6050_Try.elf 
   text	   data	    bss	    dec	    hex	filename
  15936	    104	   2136	  18176	   4700	MPU6050_Try.elf
Finished building: default.size.stdout
 
17:12:24 **** Incremental Build of configuration Debug for project MPU6050_Try ****
make -j8 all 
arm-none-eabi-size  MPU6050_Try.elf 
   text	   data	    bss	    dec	    hex	filename
  15936	    104	   2136	  18176	   4700	MPU6050_Try.elf
Finished building: default.size.stdout
 
17:16:00 **** Incremental Build of configuration Debug for project MPU6050_Try ****
make -j8 all 
arm-none-eabi-gcc "../Core/Src/main.c" -mcpu=cortex-m0plus -std=gnu11 -g3 -DDEBUG -DUSE_HAL_DRIVER -DSTM32G071xx -c -I../Core/Inc -I../Drivers/STM32G0xx_HAL_Driver/Inc -I../Drivers/STM32G0xx_HAL_Driver/Inc/Legacy -I../Drivers/CMSIS/Device/ST/STM32G0xx/Include -I../Drivers/CMSIS/Include -O0 -ffunction-sections -fdata-sections -Wall -fstack-usage -fcyclomatic-complexity -MMD -MP -MF"Core/Src/main.d" -MT"Core/Src/main.o" --specs=nano.specs -mfloat-abi=soft -mthumb -o "Core/Src/main.o"
arm-none-eabi-gcc -o "MPU6050_Try.elf" @"objects.list"   -mcpu=cortex-m0plus -T"C:\Users\Oguzm\STM32CubeIDE\TEI_Projects\tei\MPU6050_Try\STM32G071RBTX_FLASH.ld" --specs=nosys.specs -Wl,-Map="MPU6050_Try.map" -Wl,--gc-sections -static --specs=nano.specs -mfloat-abi=soft -mthumb -Wl,--start-group -lc -lm -Wl,--end-group
Finished building target: MPU6050_Try.elf
 
arm-none-eabi-size  MPU6050_Try.elf 
arm-none-eabi-objdump -h -S MPU6050_Try.elf  > "MPU6050_Try.list"
   text	   data	    bss	    dec	    hex	filename
  17292	    104	   2136	  19532	   4c4c	MPU6050_Try.elf
Finished building: default.size.stdout
 
Finished building: MPU6050_Try.list
 
17:17:26 **** Incremental Build of configuration Debug for project MPU6050_Try ****
make -j8 all 
arm-none-eabi-size  MPU6050_Try.elf 
   text	   data	    bss	    dec	    hex	filename
  17292	    104	   2136	  19532	   4c4c	MPU6050_Try.elf
Finished building: default.size.stdout
 
17:23:25 **** Incremental Build of configuration Debug for project MPU6050_Try ****
make -j8 all 
arm-none-eabi-size  MPU6050_Try.elf 
   text	   data	    bss	    dec	    hex	filename
  17292	    104	   2136	  19532	   4c4c	MPU6050_Try.elf
Finished building: default.size.stdout
 
17:24:18 **** Incremental Build of configuration Debug for project MPU6050_Try ****
make -j8 all 
arm-none-eabi-size  MPU6050_Try.elf 
   text	   data	    bss	    dec	    hex	filename
  17292	    104	   2136	  19532	   4c4c	MPU6050_Try.elf
Finished building: default.size.stdout
 
17:25:34 **** Incremental Build of configuration Debug for project MPU6050_Try ****
make -j8 all 
arm-none-eabi-size  MPU6050_Try.elf 
   text	   data	    bss	    dec	    hex	filename
  17292	    104	   2136	  19532	   4c4c	MPU6050_Try.elf
Finished building: default.size.stdout
 
17:27:01 **** Incremental Build of configuration Debug for project MPU6050_Try ****
make -j8 all 
arm-none-eabi-size  MPU6050_Try.elf 
   text	   data	    bss	    dec	    hex	filename
  17292	    104	   2136	  19532	   4c4c	MPU6050_Try.elf
Finished building: default.size.stdout
 
17:29:25 **** Incremental Build of configuration Debug for project MPU6050_Try ****
make -j8 all 
arm-none-eabi-size  MPU6050_Try.elf 
   text	   data	    bss	    dec	    hex	filename
  17292	    104	   2136	  19532	   4c4c	MPU6050_Try.elf
Finished building: default.size.stdout
 
17:45:40 **** Incremental Build of configuration Debug for project MPU6050_Try ****
make -j8 all 
arm-none-eabi-size  MPU6050_Try.elf 
   text	   data	    bss	    dec	    hex	filename
  17292	    104	   2136	  19532	   4c4c	MPU6050_Try.elf
Finished building: default.size.stdout
 
17:47:14 **** Incremental Build of configuration Debug for project MPU6050_Try ****
make -j8 all 
arm-none-eabi-size  MPU6050_Try.elf 
   text	   data	    bss	    dec	    hex	filename
  17292	    104	   2136	  19532	   4c4c	MPU6050_Try.elf
Finished building: default.size.stdout
 
17:48:37 **** Incremental Build of configuration Debug for project MPU6050_Try ****
make -j8 all 
arm-none-eabi-size  MPU6050_Try.elf 
   text	   data	    bss	    dec	    hex	filename
  17292	    104	   2136	  19532	   4c4c	MPU6050_Try.elf
Finished building: default.size.stdout
 
17:53:25 **** Incremental Build of configuration Debug for project MPU6050_Try ****
make -j8 all 
arm-none-eabi-size  MPU6050_Try.elf 
   text	   data	    bss	    dec	    hex	filename
  17292	    104	   2136	  19532	   4c4c	MPU6050_Try.elf
Finished building: default.size.stdout
 
17:55:04 **** Build of configuration Debug for project Flash_Memory_Try ****
make -j8 all 
arm-none-eabi-size  Flash_Memory_Try.elf 
   text	   data	    bss	    dec	    hex	filename
   8536	      0	  18072	  26608	   67f0	Flash_Memory_Try.elf
Finished building: default.size.stdout
 
17:55:05 **** Incremental Build of configuration Debug for project MPU6050_Try ****
make -j8 all 
arm-none-eabi-gcc "../Core/Src/main.c" -mcpu=cortex-m0plus -std=gnu11 -g3 -DDEBUG -DUSE_HAL_DRIVER -DSTM32G071xx -c -I../Core/Inc -I../Drivers/STM32G0xx_HAL_Driver/Inc -I../Drivers/STM32G0xx_HAL_Driver/Inc/Legacy -I../Drivers/CMSIS/Device/ST/STM32G0xx/Include -I../Drivers/CMSIS/Include -O0 -ffunction-sections -fdata-sections -Wall -fstack-usage -fcyclomatic-complexity -MMD -MP -MF"Core/Src/main.d" -MT"Core/Src/main.o" --specs=nano.specs -mfloat-abi=soft -mthumb -o "Core/Src/main.o"
arm-none-eabi-gcc -o "MPU6050_Try.elf" @"objects.list"   -mcpu=cortex-m0plus -T"C:\Users\Oguzm\STM32CubeIDE\TEI_Projects\tei\MPU6050_Try\STM32G071RBTX_FLASH.ld" --specs=nosys.specs -Wl,-Map="MPU6050_Try.map" -Wl,--gc-sections -static --specs=nano.specs -mfloat-abi=soft -mthumb -Wl,--start-group -lc -lm -Wl,--end-group
Finished building target: MPU6050_Try.elf
 
arm-none-eabi-size  MPU6050_Try.elf 
arm-none-eabi-objdump -h -S MPU6050_Try.elf  > "MPU6050_Try.list"
   text	   data	    bss	    dec	    hex	filename
  17292	    104	   2136	  19532	   4c4c	MPU6050_Try.elf
Finished building: default.size.stdout
 
Finished building: MPU6050_Try.list
 
17:55:22 **** Incremental Build of configuration Debug for project MPU6050_Try ****
make -j8 all 
arm-none-eabi-gcc "../Core/Src/main.c" -mcpu=cortex-m0plus -std=gnu11 -g3 -DDEBUG -DUSE_HAL_DRIVER -DSTM32G071xx -c -I../Core/Inc -I../Drivers/STM32G0xx_HAL_Driver/Inc -I../Drivers/STM32G0xx_HAL_Driver/Inc/Legacy -I../Drivers/CMSIS/Device/ST/STM32G0xx/Include -I../Drivers/CMSIS/Include -O0 -ffunction-sections -fdata-sections -Wall -fstack-usage -fcyclomatic-complexity -MMD -MP -MF"Core/Src/main.d" -MT"Core/Src/main.o" --specs=nano.specs -mfloat-abi=soft -mthumb -o "Core/Src/main.o"
arm-none-eabi-gcc -o "MPU6050_Try.elf" @"objects.list"   -mcpu=cortex-m0plus -T"C:\Users\Oguzm\STM32CubeIDE\TEI_Projects\tei\MPU6050_Try\STM32G071RBTX_FLASH.ld" --specs=nosys.specs -Wl,-Map="MPU6050_Try.map" -Wl,--gc-sections -static --specs=nano.specs -mfloat-abi=soft -mthumb -Wl,--start-group -lc -lm -Wl,--end-group
Finished building target: MPU6050_Try.elf
 
arm-none-eabi-size  MPU6050_Try.elf 
arm-none-eabi-objdump -h -S MPU6050_Try.elf  > "MPU6050_Try.list"
   text	   data	    bss	    dec	    hex	filename
  17344	    104	   2136	  19584	   4c80	MPU6050_Try.elf
Finished building: default.size.stdout
 
Finished building: MPU6050_Try.list
 
17:56:17 **** Incremental Build of configuration Debug for project MPU6050_Try ****
make -j8 all 
arm-none-eabi-size  MPU6050_Try.elf 
   text	   data	    bss	    dec	    hex	filename
  17344	    104	   2136	  19584	   4c80	MPU6050_Try.elf
Finished building: default.size.stdout
 
17:56:51 **** Incremental Build of configuration Debug for project MPU6050_Try ****
make -j8 all 
arm-none-eabi-size  MPU6050_Try.elf 
   text	   data	    bss	    dec	    hex	filename
  17344	    104	   2136	  19584	   4c80	MPU6050_Try.elf
Finished building: default.size.stdout
 
17:59:49 **** Incremental Build of configuration Debug for project MPU6050_Try ****
make -j8 all 
arm-none-eabi-gcc "../Core/Src/main.c" -mcpu=cortex-m0plus -std=gnu11 -g3 -DDEBUG -DUSE_HAL_DRIVER -DSTM32G071xx -c -I../Core/Inc -I../Drivers/STM32G0xx_HAL_Driver/Inc -I../Drivers/STM32G0xx_HAL_Driver/Inc/Legacy -I../Drivers/CMSIS/Device/ST/STM32G0xx/Include -I../Drivers/CMSIS/Include -O0 -ffunction-sections -fdata-sections -Wall -fstack-usage -fcyclomatic-complexity -MMD -MP -MF"Core/Src/main.d" -MT"Core/Src/main.o" --specs=nano.specs -mfloat-abi=soft -mthumb -o "Core/Src/main.o"
arm-none-eabi-gcc -o "MPU6050_Try.elf" @"objects.list"   -mcpu=cortex-m0plus -T"C:\Users\Oguzm\STM32CubeIDE\TEI_Projects\tei\MPU6050_Try\STM32G071RBTX_FLASH.ld" --specs=nosys.specs -Wl,-Map="MPU6050_Try.map" -Wl,--gc-sections -static --specs=nano.specs -mfloat-abi=soft -mthumb -Wl,--start-group -lc -lm -Wl,--end-group
Finished building target: MPU6050_Try.elf
 
arm-none-eabi-size  MPU6050_Try.elf 
arm-none-eabi-objdump -h -S MPU6050_Try.elf  > "MPU6050_Try.list"
   text	   data	    bss	    dec	    hex	filename
  17352	    104	   2136	  19592	   4c88	MPU6050_Try.elf
Finished building: default.size.stdout
 
Finished building: MPU6050_Try.list
 
18:02:41 **** Incremental Build of configuration Debug for project Flash_Memory_Try ****
make -j8 all 
arm-none-eabi-size  Flash_Memory_Try.elf 
   text	   data	    bss	    dec	    hex	filename
   8536	      0	  18072	  26608	   67f0	Flash_Memory_Try.elf
Finished building: default.size.stdout
 
18:03:25 **** Incremental Build of configuration Debug for project MPU6050_Try ****
make -j8 all 
arm-none-eabi-size  MPU6050_Try.elf 
   text	   data	    bss	    dec	    hex	filename
  17352	    104	   2136	  19592	   4c88	MPU6050_Try.elf
Finished building: default.size.stdout
 
18:04:26 **** Incremental Build of configuration Debug for project MPU6050_Try ****
make -j8 all 
arm-none-eabi-size  MPU6050_Try.elf 
   text	   data	    bss	    dec	    hex	filename
  17352	    104	   2136	  19592	   4c88	MPU6050_Try.elf
Finished building: default.size.stdout
 
18:06:06 **** Incremental Build of configuration Debug for project MPU6050_Try ****
make -j8 all 
arm-none-eabi-gcc "../Core/Src/main.c" -mcpu=cortex-m0plus -std=gnu11 -g3 -DDEBUG -DUSE_HAL_DRIVER -DSTM32G071xx -c -I../Core/Inc -I../Drivers/STM32G0xx_HAL_Driver/Inc -I../Drivers/STM32G0xx_HAL_Driver/Inc/Legacy -I../Drivers/CMSIS/Device/ST/STM32G0xx/Include -I../Drivers/CMSIS/Include -O0 -ffunction-sections -fdata-sections -Wall -fstack-usage -fcyclomatic-complexity -MMD -MP -MF"Core/Src/main.d" -MT"Core/Src/main.o" --specs=nano.specs -mfloat-abi=soft -mthumb -o "Core/Src/main.o"
arm-none-eabi-gcc -o "MPU6050_Try.elf" @"objects.list"   -mcpu=cortex-m0plus -T"C:\Users\Oguzm\STM32CubeIDE\TEI_Projects\tei\MPU6050_Try\STM32G071RBTX_FLASH.ld" --specs=nosys.specs -Wl,-Map="MPU6050_Try.map" -Wl,--gc-sections -static --specs=nano.specs -mfloat-abi=soft -mthumb -Wl,--start-group -lc -lm -Wl,--end-group
Finished building target: MPU6050_Try.elf
 
arm-none-eabi-size  MPU6050_Try.elf 
arm-none-eabi-objdump -h -S MPU6050_Try.elf  > "MPU6050_Try.list"
   text	   data	    bss	    dec	    hex	filename
  15936	    104	   2136	  18176	   4700	MPU6050_Try.elf
Finished building: default.size.stdout
 
Finished building: MPU6050_Try.list
 
