18:27:43 **** Incremental Build of configuration Debug for project TimerAddition ****
make -j8 all 
arm-none-eabi-gcc "../Core/Src/main.c" -mcpu=cortex-m0plus -std=gnu11 -g3 -DDEBUG -DUSE_HAL_DRIVER -DSTM32G071xx -c -I../Core/Inc -I../Drivers/STM32G0xx_HAL_Driver/Inc -I../Drivers/STM32G0xx_HAL_Driver/Inc/Legacy -I../Drivers/CMSIS/Device/ST/STM32G0xx/Include -I../Drivers/CMSIS/Include -O0 -ffunction-sections -fdata-sections -Wall -fstack-usage -fcyclomatic-complexity -MMD -MP -MF"Core/Src/main.d" -MT"Core/Src/main.o" --specs=nano.specs -mfloat-abi=soft -mthumb -o "Core/Src/main.o"
arm-none-eabi-gcc "../Core/Src/stm32g0xx_hal_msp.c" -mcpu=cortex-m0plus -std=gnu11 -g3 -DDEBUG -DUSE_HAL_DRIVER -DSTM32G071xx -c -I../Core/Inc -I../Drivers/STM32G0xx_HAL_Driver/Inc -I../Drivers/STM32G0xx_HAL_Driver/Inc/Legacy -I../Drivers/CMSIS/Device/ST/STM32G0xx/Include -I../Drivers/CMSIS/Include -O0 -ffunction-sections -fdata-sections -Wall -fstack-usage -fcyclomatic-complexity -MMD -MP -MF"Core/Src/stm32g0xx_hal_msp.d" -MT"Core/Src/stm32g0xx_hal_msp.o" --specs=nano.specs -mfloat-abi=soft -mthumb -o "Core/Src/stm32g0xx_hal_msp.o"
arm-none-eabi-gcc "../Core/Src/stm32g0xx_it.c" -mcpu=cortex-m0plus -std=gnu11 -g3 -DDEBUG -DUSE_HAL_DRIVER -DSTM32G071xx -c -I../Core/Inc -I../Drivers/STM32G0xx_HAL_Driver/Inc -I../Drivers/STM32G0xx_HAL_Driver/Inc/Legacy -I../Drivers/CMSIS/Device/ST/STM32G0xx/Include -I../Drivers/CMSIS/Include -O0 -ffunction-sections -fdata-sections -Wall -fstack-usage -fcyclomatic-complexity -MMD -MP -MF"Core/Src/stm32g0xx_it.d" -MT"Core/Src/stm32g0xx_it.o" --specs=nano.specs -mfloat-abi=soft -mthumb -o "Core/Src/stm32g0xx_it.o"
arm-none-eabi-gcc -o "TimerAddition.elf" @"objects.list"   -mcpu=cortex-m0plus -T"C:\Users\Oguzm\STM32CubeIDE\TEI_Projects\TimerAddition\STM32G071RBTX_FLASH.ld" --specs=nosys.specs -Wl,-Map="TimerAddition.map" -Wl,--gc-sections -static --specs=nano.specs -mfloat-abi=soft -mthumb -u _printf_float -Wl,--start-group -lc -lm -Wl,--end-group
Finished building target: TimerAddition.elf
 
arm-none-eabi-size  TimerAddition.elf 
arm-none-eabi-objdump -h -S TimerAddition.elf  > "TimerAddition.list"
   text	   data	    bss	    dec	    hex	filename
  44192	    468	   2292	  46952	   b768	TimerAddition.elf
Finished building: default.size.stdout
 
Finished building: TimerAddition.list
 
18:27:57 **** Incremental Build of configuration Debug for project TimerAddition ****
make -j8 all 
arm-none-eabi-size  TimerAddition.elf 
   text	   data	    bss	    dec	    hex	filename
  44192	    468	   2292	  46952	   b768	TimerAddition.elf
Finished building: default.size.stdout
 
18:31:14 **** Incremental Build of configuration Debug for project TimerAddition ****
make -j8 all 
arm-none-eabi-gcc "../Core/Src/main.c" -mcpu=cortex-m0plus -std=gnu11 -g3 -DDEBUG -DUSE_HAL_DRIVER -DSTM32G071xx -c -I../Core/Inc -I../Drivers/STM32G0xx_HAL_Driver/Inc -I../Drivers/STM32G0xx_HAL_Driver/Inc/Legacy -I../Drivers/CMSIS/Device/ST/STM32G0xx/Include -I../Drivers/CMSIS/Include -O0 -ffunction-sections -fdata-sections -Wall -fstack-usage -fcyclomatic-complexity -MMD -MP -MF"Core/Src/main.d" -MT"Core/Src/main.o" --specs=nano.specs -mfloat-abi=soft -mthumb -o "Core/Src/main.o"
../Core/Src/main.c: In function 'main':
../Core/Src/main.c:199:19: warning: implicit declaration of function 'Flash_Write' [-Wimplicit-function-declaration]
  199 |                   Flash_Write();
      |                   ^~~~~~~~~~~
../Core/Src/main.c: At top level:
../Core/Src/main.c:617:7: warning: conflicting types for 'Flash_Write'; have 'void(void)'
  617 |  void Flash_Write(void){
      |       ^~~~~~~~~~~
../Core/Src/main.c:199:19: note: previous implicit declaration of 'Flash_Write' with type 'void(void)'
  199 |                   Flash_Write();
      |                   ^~~~~~~~~~~
arm-none-eabi-gcc -o "TimerAddition.elf" @"objects.list"   -mcpu=cortex-m0plus -T"C:\Users\Oguzm\STM32CubeIDE\TEI_Projects\TimerAddition\STM32G071RBTX_FLASH.ld" --specs=nosys.specs -Wl,-Map="TimerAddition.map" -Wl,--gc-sections -static --specs=nano.specs -mfloat-abi=soft -mthumb -u _printf_float -Wl,--start-group -lc -lm -Wl,--end-group
C:/Users/Oguzm/Downloads/STM32CubeIDE_1.18.1/STM32CubeIDE/plugins/com.st.stm32cube.ide.mcu.externaltools.gnu-tools-for-stm32.13.3.rel1.win32_1.0.0.202411081344/tools/bin/../lib/gcc/arm-none-eabi/13.3.1/../../../../arm-none-eabi/bin/ld.exe: warning: TimerAddition.elf has a LOAD segment with RWX permissions
Finished building target: TimerAddition.elf
 
arm-none-eabi-size  TimerAddition.elf 
arm-none-eabi-objdump -h -S TimerAddition.elf  > "TimerAddition.list"
   text	   data	    bss	    dec	    hex	filename
  45784	      0	   2316	  48100	   bbe4	TimerAddition.elf
Finished building: default.size.stdout
 
Finished building: TimerAddition.list
 
18:32:35 **** Incremental Build of configuration Debug for project TimerAddition ****
make -j8 all 
arm-none-eabi-gcc "../Core/Src/main.c" -mcpu=cortex-m0plus -std=gnu11 -g3 -DDEBUG -DUSE_HAL_DRIVER -DSTM32G071xx -c -I../Core/Inc -I../Drivers/STM32G0xx_HAL_Driver/Inc -I../Drivers/STM32G0xx_HAL_Driver/Inc/Legacy -I../Drivers/CMSIS/Device/ST/STM32G0xx/Include -I../Drivers/CMSIS/Include -O0 -ffunction-sections -fdata-sections -Wall -fstack-usage -fcyclomatic-complexity -MMD -MP -MF"Core/Src/main.d" -MT"Core/Src/main.o" --specs=nano.specs -mfloat-abi=soft -mthumb -o "Core/Src/main.o"
arm-none-eabi-gcc "../Core/Src/stm32g0xx_hal_msp.c" -mcpu=cortex-m0plus -std=gnu11 -g3 -DDEBUG -DUSE_HAL_DRIVER -DSTM32G071xx -c -I../Core/Inc -I../Drivers/STM32G0xx_HAL_Driver/Inc -I../Drivers/STM32G0xx_HAL_Driver/Inc/Legacy -I../Drivers/CMSIS/Device/ST/STM32G0xx/Include -I../Drivers/CMSIS/Include -O0 -ffunction-sections -fdata-sections -Wall -fstack-usage -fcyclomatic-complexity -MMD -MP -MF"Core/Src/stm32g0xx_hal_msp.d" -MT"Core/Src/stm32g0xx_hal_msp.o" --specs=nano.specs -mfloat-abi=soft -mthumb -o "Core/Src/stm32g0xx_hal_msp.o"
arm-none-eabi-gcc "../Core/Src/stm32g0xx_it.c" -mcpu=cortex-m0plus -std=gnu11 -g3 -DDEBUG -DUSE_HAL_DRIVER -DSTM32G071xx -c -I../Core/Inc -I../Drivers/STM32G0xx_HAL_Driver/Inc -I../Drivers/STM32G0xx_HAL_Driver/Inc/Legacy -I../Drivers/CMSIS/Device/ST/STM32G0xx/Include -I../Drivers/CMSIS/Include -O0 -ffunction-sections -fdata-sections -Wall -fstack-usage -fcyclomatic-complexity -MMD -MP -MF"Core/Src/stm32g0xx_it.d" -MT"Core/Src/stm32g0xx_it.o" --specs=nano.specs -mfloat-abi=soft -mthumb -o "Core/Src/stm32g0xx_it.o"
arm-none-eabi-gcc -o "TimerAddition.elf" @"objects.list"   -mcpu=cortex-m0plus -T"C:\Users\Oguzm\STM32CubeIDE\TEI_Projects\TimerAddition\STM32G071RBTX_FLASH.ld" --specs=nosys.specs -Wl,-Map="TimerAddition.map" -Wl,--gc-sections -static --specs=nano.specs -mfloat-abi=soft -mthumb -u _printf_float -Wl,--start-group -lc -lm -Wl,--end-group
C:/Users/Oguzm/Downloads/STM32CubeIDE_1.18.1/STM32CubeIDE/plugins/com.st.stm32cube.ide.mcu.externaltools.gnu-tools-for-stm32.13.3.rel1.win32_1.0.0.202411081344/tools/bin/../lib/gcc/arm-none-eabi/13.3.1/../../../../arm-none-eabi/bin/ld.exe: warning: TimerAddition.elf has a LOAD segment with RWX permissions
Finished building target: TimerAddition.elf
 
arm-none-eabi-size  TimerAddition.elf 
arm-none-eabi-objdump -h -S TimerAddition.elf  > "TimerAddition.list"
   text	   data	    bss	    dec	    hex	filename
  45784	      0	   2316	  48100	   bbe4	TimerAddition.elf
Finished building: default.size.stdout
 
Finished building: TimerAddition.list
 
18:37:16 **** Incremental Build of configuration Debug for project TimerAddition ****
make -j8 all 
arm-none-eabi-size  TimerAddition.elf 
   text	   data	    bss	    dec	    hex	filename
  45784	      0	   2316	  48100	   bbe4	TimerAddition.elf
Finished building: default.size.stdout
 
18:37:39 **** Incremental Build of configuration Debug for project TimerAddition ****
make -j8 all 
arm-none-eabi-size  TimerAddition.elf 
   text	   data	    bss	    dec	    hex	filename
  45784	      0	   2316	  48100	   bbe4	TimerAddition.elf
Finished building: default.size.stdout
 
