18:06:06 **** Incremental Build of configuration Debug for project MPU6050_Try ****
make -j8 all 
arm-none-eabi-gcc "../Core/Src/main.c" -mcpu=cortex-m0plus -std=gnu11 -g3 -DDEBUG -DUSE_HAL_DRIVER -DSTM32G071xx -c -I../Core/Inc -I../Drivers/STM32G0xx_HAL_Driver/Inc -I../Drivers/STM32G0xx_HAL_Driver/Inc/Legacy -I../Drivers/CMSIS/Device/ST/STM32G0xx/Include -I../Drivers/CMSIS/Include -O0 -ffunction-sections -fdata-sections -Wall -fstack-usage -fcyclomatic-complexity -MMD -MP -MF"Core/Src/main.d" -MT"Core/Src/main.o" --specs=nano.specs -mfloat-abi=soft -mthumb -o "Core/Src/main.o"
arm-none-eabi-gcc -o "MPU6050_Try.elf" @"objects.list"   -mcpu=cortex-m0plus -T"C:\Users\Oguzm\STM32CubeIDE\TEI_Projects\tei\MPU6050_Try\STM32G071RBTX_FLASH.ld" --specs=nosys.specs -Wl,-Map="MPU6050_Try.map" -Wl,--gc-sections -static --specs=nano.specs -mfloat-abi=soft -mthumb -Wl,--start-group -lc -lm -Wl,--end-group
Finished building target: MPU6050_Try.elf
 
arm-none-eabi-size  MPU6050_Try.elf 
arm-none-eabi-objdump -h -S MPU6050_Try.elf  > "MPU6050_Try.list"
   text	   data	    bss	    dec	    hex	filename
  15936	    104	   2136	  18176	   4700	MPU6050_Try.elf
Finished building: default.size.stdout
 
Finished building: MPU6050_Try.list
 

18:06:07 Build Finished. 0 errors, 0 warnings. (took 1s.482ms)

