10:30:47 **** Incremental Build of configuration Debug for project TimerAddition ****
make -j8 all 
arm-none-eabi-gcc "../Core/Src/main.c" -mcpu=cortex-m0plus -std=gnu11 -g3 -DDEBUG -DUSE_HAL_DRIVER -DSTM32G071xx -c -I../Core/Inc -I../Drivers/STM32G0xx_HAL_Driver/Inc -I../Drivers/STM32G0xx_HAL_Driver/Inc/Legacy -I../Drivers/CMSIS/Device/ST/STM32G0xx/Include -I../Drivers/CMSIS/Include -O0 -ffunction-sections -fdata-sections -Wall -fstack-usage -fcyclomatic-complexity -MMD -MP -MF"Core/Src/main.d" -MT"Core/Src/main.o" --specs=nano.specs -mfloat-abi=soft -mthumb -o "Core/Src/main.o"
../Core/Src/main.c: In function 'Construct_Flash_Struct':
../Core/Src/main.c:749:44: warning: '%02d' directive writing between 2 and 3 bytes into a region of size between 2 and 4 [-Wformat-overflow=]
  749 |         sprintf(rtc_buffer,"Time:%02d:%02d:%02d\n", data->hours, data->minutes, data->seconds);
      |                                            ^~~~
../Core/Src/main.c:749:28: note: directive argument in the range [0, 255]
  749 |         sprintf(rtc_buffer,"Time:%02d:%02d:%02d\n", data->hours, data->minutes, data->seconds);
      |                            ^~~~~~~~~~~~~~~~~~~~~~~
../Core/Src/main.c:749:9: note: 'sprintf' output between 15 and 18 bytes into a destination of size 15
  749 |         sprintf(rtc_buffer,"Time:%02d:%02d:%02d\n", data->hours, data->minutes, data->seconds);
      |         ^~~~~~~~~~~~~~~~~~~~~~~~~~~~~~~~~~~~~~~~~~~~~~~~~~~~~~~~~~~~~~~~~~~~~~~~~~~~~~~~~~~~~~
arm-none-eabi-gcc -o "TimerAddition.elf" @"objects.list"   -mcpu=cortex-m0plus -T"C:\Users\Oguzm\STM32CubeIDE\TEI_Projects\TimerAddition\STM32G071RBTX_FLASH.ld" --specs=nosys.specs -Wl,-Map="TimerAddition.map" -Wl,--gc-sections -static --specs=nano.specs -mfloat-abi=soft -mthumb -u _printf_float -Wl,--start-group -lc -lm -Wl,--end-group
C:/Users/Oguzm/Downloads/STM32CubeIDE_1.18.1/STM32CubeIDE/plugins/com.st.stm32cube.ide.mcu.externaltools.gnu-tools-for-stm32.13.3.rel1.win32_1.0.0.202411081344/tools/bin/../lib/gcc/arm-none-eabi/13.3.1/../../../../arm-none-eabi/bin/ld.exe: warning: TimerAddition.elf has a LOAD segment with RWX permissions
Finished building target: TimerAddition.elf
 
arm-none-eabi-size  TimerAddition.elf 
arm-none-eabi-objdump -h -S TimerAddition.elf  > "TimerAddition.list"
   text	   data	    bss	    dec	    hex	filename
  49204	      0	  19616	  68820	  10cd4	TimerAddition.elf
Finished building: default.size.stdout
 
Finished building: TimerAddition.list
 

10:30:48 Build Finished. 0 errors, 2 warnings. (took 1s.160ms)

